Archive member included to satisfy reference by file (symbol)

C:/NXP/MCUXpressoIDE_11.10.0_3148/ide/plugins/com.nxp.mcuxpresso.tools.win32_11.10.0.202311280810/tools/bin/../lib/gcc/arm-none-eabi/13.2.1/../../../../arm-none-eabi/lib/thumb/v8-m.main/nofp\libcr_nohost_nf.a(_cr__main.o)
                              ./startup/startup_mcxa153.o (__main)
C:/NXP/MCUXpressoIDE_11.10.0_3148/ide/plugins/com.nxp.mcuxpresso.tools.win32_11.10.0.202311280810/tools/bin/../lib/gcc/arm-none-eabi/13.2.1/../../../../arm-none-eabi/lib/thumb/v8-m.main/nofp\libcr_c.a(memset.o)
                              ./sensors/sensor_comm.o (memset)
C:/NXP/MCUXpressoIDE_11.10.0_3148/ide/plugins/com.nxp.mcuxpresso.tools.win32_11.10.0.202311280810/tools/bin/../lib/gcc/arm-none-eabi/13.2.1/../../../../arm-none-eabi/lib/thumb/v8-m.main/nofp\libcr_c.a(alloc.o)
                              ./drivers/fsl_common.o (malloc)
C:/NXP/MCUXpressoIDE_11.10.0_3148/ide/plugins/com.nxp.mcuxpresso.tools.win32_11.10.0.202311280810/tools/bin/../lib/gcc/arm-none-eabi/13.2.1/../../../../arm-none-eabi/lib/thumb/v8-m.main/nofp\libcr_c.a(errno.o)
                              ./utilities/fsl_str.o (errno)
C:/NXP/MCUXpressoIDE_11.10.0_3148/ide/plugins/com.nxp.mcuxpresso.tools.win32_11.10.0.202311280810/tools/bin/../lib/gcc/arm-none-eabi/13.2.1/../../../../arm-none-eabi/lib/thumb/v8-m.main/nofp\libcr_c.a(initio.o)
                              C:/NXP/MCUXpressoIDE_11.10.0_3148/ide/plugins/com.nxp.mcuxpresso.tools.win32_11.10.0.202311280810/tools/bin/../lib/gcc/arm-none-eabi/13.2.1/../../../../arm-none-eabi/lib/thumb/v8-m.main/nofp\libcr_nohost_nf.a(_cr__main.o) (_initio)
C:/NXP/MCUXpressoIDE_11.10.0_3148/ide/plugins/com.nxp.mcuxpresso.tools.win32_11.10.0.202311280810/tools/bin/../lib/gcc/arm-none-eabi/13.2.1/../../../../arm-none-eabi/lib/thumb/v8-m.main/nofp\libcr_c.a(scanf.o)
                              ./utilities/fsl_str.o (strtoul)
C:/NXP/MCUXpressoIDE_11.10.0_3148/ide/plugins/com.nxp.mcuxpresso.tools.win32_11.10.0.202311280810/tools/bin/../lib/gcc/arm-none-eabi/13.2.1/../../../../arm-none-eabi/lib/thumb/v8-m.main/nofp\libcr_c.a(setvbuf.o)
                              C:/NXP/MCUXpressoIDE_11.10.0_3148/ide/plugins/com.nxp.mcuxpresso.tools.win32_11.10.0.202311280810/tools/bin/../lib/gcc/arm-none-eabi/13.2.1/../../../../arm-none-eabi/lib/thumb/v8-m.main/nofp\libcr_c.a(initio.o) (setvbuf)
C:/NXP/MCUXpressoIDE_11.10.0_3148/ide/plugins/com.nxp.mcuxpresso.tools.win32_11.10.0.202311280810/tools/bin/../lib/gcc/arm-none-eabi/13.2.1/../../../../arm-none-eabi/lib/thumb/v8-m.main/nofp\libcr_c.a(strlen.o)
                              ./utilities/fsl_debug_console.o (strlen)
C:/NXP/MCUXpressoIDE_11.10.0_3148/ide/plugins/com.nxp.mcuxpresso.tools.win32_11.10.0.202311280810/tools/bin/../lib/gcc/arm-none-eabi/13.2.1/../../../../arm-none-eabi/lib/thumb/v8-m.main/nofp\libcr_c.a(ungetc.o)
                              C:/NXP/MCUXpressoIDE_11.10.0_3148/ide/plugins/com.nxp.mcuxpresso.tools.win32_11.10.0.202311280810/tools/bin/../lib/gcc/arm-none-eabi/13.2.1/../../../../arm-none-eabi/lib/thumb/v8-m.main/nofp\libcr_c.a(scanf.o) (ungetc)
C:/NXP/MCUXpressoIDE_11.10.0_3148/ide/plugins/com.nxp.mcuxpresso.tools.win32_11.10.0.202311280810/tools/bin/../lib/gcc/arm-none-eabi/13.2.1/../../../../arm-none-eabi/lib/thumb/v8-m.main/nofp\libcr_c.a(__fillbuf.o)
                              C:/NXP/MCUXpressoIDE_11.10.0_3148/ide/plugins/com.nxp.mcuxpresso.tools.win32_11.10.0.202311280810/tools/bin/../lib/gcc/arm-none-eabi/13.2.1/../../../../arm-none-eabi/lib/thumb/v8-m.main/nofp\libcr_c.a(scanf.o) (__filbuf)
C:/NXP/MCUXpressoIDE_11.10.0_3148/ide/plugins/com.nxp.mcuxpresso.tools.win32_11.10.0.202311280810/tools/bin/../lib/gcc/arm-none-eabi/13.2.1/../../../../arm-none-eabi/lib/thumb/v8-m.main/nofp\libcr_c.a(__init_alloc.o)
                              C:/NXP/MCUXpressoIDE_11.10.0_3148/ide/plugins/com.nxp.mcuxpresso.tools.win32_11.10.0.202311280810/tools/bin/../lib/gcc/arm-none-eabi/13.2.1/../../../../arm-none-eabi/lib/thumb/v8-m.main/nofp\libcr_c.a(alloc.o) (__heaps)
C:/NXP/MCUXpressoIDE_11.10.0_3148/ide/plugins/com.nxp.mcuxpresso.tools.win32_11.10.0.202311280810/tools/bin/../lib/gcc/arm-none-eabi/13.2.1/../../../../arm-none-eabi/lib/thumb/v8-m.main/nofp\libcr_c.a(_cr_sbrk.o)
                              C:/NXP/MCUXpressoIDE_11.10.0_3148/ide/plugins/com.nxp.mcuxpresso.tools.win32_11.10.0.202311280810/tools/bin/../lib/gcc/arm-none-eabi/13.2.1/../../../../arm-none-eabi/lib/thumb/v8-m.main/nofp\libcr_c.a(alloc.o) (_sbrk)
C:/NXP/MCUXpressoIDE_11.10.0_3148/ide/plugins/com.nxp.mcuxpresso.tools.win32_11.10.0.202311280810/tools/bin/../lib/gcc/arm-none-eabi/13.2.1/../../../../arm-none-eabi/lib/thumb/v8-m.main/nofp\libcr_c.a(_deferredlazyseek.o)
                              C:/NXP/MCUXpressoIDE_11.10.0_3148/ide/plugins/com.nxp.mcuxpresso.tools.win32_11.10.0.202311280810/tools/bin/../lib/gcc/arm-none-eabi/13.2.1/../../../../arm-none-eabi/lib/thumb/v8-m.main/nofp\libcr_c.a(__fillbuf.o) (_deferredlazyseek)
[...]
Memory Configuration

Name             Origin             Length             Attributes
PROGRAM_FLASH    0x00000000         0x00020000         xr
SRAM             0x20000000         0x00006000         xrw
SRAMX0           0x04000000         0x00002000         xrw
SRAMX1           0x04002000         0x00001000         xrw
*default*        0x00000000         0xffffffff

Linker script and memory map

LOAD ./utilities/fsl_assert.o
LOAD ./utilities/fsl_debug_console.o
LOAD ./utilities/fsl_memcpy.o
LOAD ./utilities/fsl_str.o
LOAD ./startup/startup_mcxa153.o
LOAD ./source/nmh1000_app.o
LOAD ./source/semihost_hardfault.o
LOAD ./sensors/nmh1000_driver.o
LOAD ./sensors/sensor_comm.o
LOAD ./sensors/sensor_common.o
LOAD ./drivers/fsl_clock.o
LOAD ./drivers/fsl_common.o
LOAD ./drivers/fsl_common_arm.o
LOAD ./drivers/fsl_gpio.o
LOAD ./drivers/fsl_lpi2c.o
LOAD ./drivers/fsl_lpuart.o
LOAD ./drivers/fsl_reset.o
LOAD ./drivers/fsl_spc.o
LOAD ./device/system_MCXA153.o
LOAD ./component/uart/fsl_adapter_lpuart.o
LOAD ./component/lists/fsl_component_generic_list.o
LOAD ./board/board.o
LOAD ./board/clock_config.o
LOAD ./board/pin_mux.o
START GROUP
LOAD C:/NXP/MCUXpressoIDE_11.10.0_3148/ide/plugins/com.nxp.mcuxpresso.tools.win32_11.10.0.202311280810/tools/bin/../lib/gcc/arm-none-eabi/13.2.1/../../../../arm-none-eabi/lib/thumb/v8-m.main/nofp\libcr_nohost_nf.a
LOAD C:/NXP/MCUXpressoIDE_11.10.0_3148/ide/plugins/com.nxp.mcuxpresso.tools.win32_11.10.0.202311280810/tools/bin/../lib/gcc/arm-none-eabi/13.2.1/../../../../arm-none-eabi/lib/thumb/v8-m.main/nofp\libcr_c.a
LOAD C:/NXP/MCUXpressoIDE_11.10.0_3148/ide/plugins/com.nxp.mcuxpresso.tools.win32_11.10.0.202311280810/tools/bin/../lib/gcc/arm-none-eabi/13.2.1/thumb/v8-m.main/nofp\libcr_eabihelpers.a
LOAD C:/NXP/MCUXpressoIDE_11.10.0_3148/ide/plugins/com.nxp.mcuxpresso.tools.win32_11.10.0.202311280810/tools/bin/../lib/gcc/arm-none-eabi/13.2.1/thumb/v8-m.main/nofp\libgcc.a
END GROUP
                0x00000000                        __base_PROGRAM_FLASH = 0x0
                0x00000000                        __base_Flash = 0x0
                0x00020000                        __top_PROGRAM_FLASH = 0x20000
                0x00020000                        __top_Flash = 0x20000
                0x20000000                        __base_SRAM = 0x20000000
                0x20000000                        __base_RAM = 0x20000000
                0x20006000                        __top_SRAM = 0x20006000
                0x20006000                        __top_RAM = 0x20006000
                0x04000000                        __base_SRAMX0 = 0x4000000
                0x04000000                        __base_RAM2 = 0x4000000
                0x04002000                        __top_SRAMX0 = 0x4002000
                0x04002000                        __top_RAM2 = 0x4002000
                0x04002000                        __base_SRAMX1 = 0x4002000
                0x04002000                        __base_RAM3 = 0x4002000
                0x04003000                        __top_SRAMX1 = 0x4003000
                0x04003000                        __top_RAM3 = 0x4003000

.text           0x00000000     0x493c
 FILL mask 0xff
                0x00000000                        __vectors_start__ = ABSOLUTE (.)
 *(SORT_BY_ALIGNMENT(.isr_vector))
 .isr_vector    0x00000000      0x16c ./startup/startup_mcxa153.o
                0x00000000                g_pfnVectors
                0x00000000                __Vectors
                0x0000016c                        . = ALIGN (0x4)
                0x0000016c                        __section_table_start = .
                0x0000016c                        __data_section_table = .
                0x0000016c        0x4 LONG 0x493c LOADADDR (.data)
                0x00000170        0x4 LONG 0x20000000 ADDR (.data)
                0x00000174        0x4 LONG 0x8 SIZEOF (.data)
                0x00000178        0x4 LONG 0x493c LOADADDR (.data_RAM2)
                0x0000017c        0x4 LONG 0x4000000 ADDR (.data_RAM2)
                0x00000180        0x4 LONG 0x0 SIZEOF (.data_RAM2)
                0x00000184        0x4 LONG 0x493c LOADADDR (.data_RAM3)
                0x00000188        0x4 LONG 0x4002000 ADDR (.data_RAM3)
                0x0000018c        0x4 LONG 0x0 SIZEOF (.data_RAM3)
                0x00000190                        __data_section_table_end = .
                0x00000190                        __bss_section_table = .
                0x00000190        0x4 LONG 0x20000008 ADDR (.bss)
                0x00000194        0x4 LONG 0x134 SIZEOF (.bss)
                0x00000198        0x4 LONG 0x4000000 ADDR (.bss_RAM2)
                0x0000019c        0x4 LONG 0x0 SIZEOF (.bss_RAM2)
                0x000001a0        0x4 LONG 0x4002000 ADDR (.bss_RAM3)
                0x000001a4        0x4 LONG 0x0 SIZEOF (.bss_RAM3)
                0x000001a8                        __bss_section_table_end = .
                0x000001a8                        __section_table_end = .
 *(SORT_BY_ALIGNMENT(.after_vectors*))
 .after_vectors.reset
                0x000001a8       0x68 ./startup/startup_mcxa153.o
                0x000001a8                ResetISR
 .after_vectors.init_data
                0x00000210       0x1c ./startup/startup_mcxa153.o
                0x00000210                data_init
 .after_vectors.init_bss
                0x0000022c       0x12 ./startup/startup_mcxa153.o
                0x0000022c                bss_init
 .after_vectors
                0x0000023e       0x16 ./startup/startup_mcxa153.o
                0x0000023e                NMI_Handler
                0x00000242                MemManage_Handler
                0x00000244                BusFault_Handler
                0x00000246                UsageFault_Handler
                0x00000248                SecureFault_Handler
                0x0000024a                SVC_Handler
                0x0000024c                DebugMon_Handler
                0x0000024e                PendSV_Handler
                0x00000252                LPTMR0_DriverIRQHandler
                0x00000252                FLEXPWM0_SUBMODULE1_DriverIRQHandler
                0x00000252                MBC0_DriverIRQHandler
                0x00000252                WAKETIMER0_DriverIRQHandler
                0x00000252                I3C0_DriverIRQHandler
                0x00000252                FLEXPWM0_RELOAD_ERROR_DriverIRQHandler
                0x00000252                QDC0_HOME_DriverIRQHandler
                0x00000252                Reserved82_DriverIRQHandler
                0x00000252                QDC0_WATCHDOG_DriverIRQHandler
                0x00000252                ERM0_MULTI_BIT_DriverIRQHandler
                0x00000252                Reserved36_DriverIRQHandler
                0x00000252                CTIMER2_DriverIRQHandler
                0x00000252                Reserved33_DriverIRQHandler
                0x00000252                CMP1_DriverIRQHandler
                0x00000252                IntDefaultHandler
                0x00000252                USB0_DriverIRQHandler
                0x00000252                QDC0_INDEX_DriverIRQHandler
                0x00000252                UTICK0_DriverIRQHandler
                0x00000252                Reserved41_DriverIRQHandler
                0x00000252                Reserved39_DriverIRQHandler
                0x00000252                WWDT0_DriverIRQHandler
                0x00000252                Reserved84_DriverIRQHandler
                0x00000252                FLEXPWM0_FAULT_DriverIRQHandler
                0x00000252                GPIO0_DriverIRQHandler
                0x00000252                Reserved38_DriverIRQHandler
                0x00000252                FREQME0_DriverIRQHandler
                0x00000252                Reserved22_DriverIRQHandler
                0x00000252                Reserved53_DriverIRQHandler
                0x00000252                Reserved35_DriverIRQHandler
                0x00000252                CTIMER0_DriverIRQHandler
                0x00000252                Reserved79_DriverIRQHandler
                0x00000252                Reserved24_DriverIRQHandler
                0x00000252                CTIMER1_DriverIRQHandler
                0x00000252                QDC0_COMPARE_DriverIRQHandler
                0x00000252                WUU0_DriverIRQHandler
                0x00000252                LPSPI0_DriverIRQHandler
                0x00000252                DMA_CH3_DriverIRQHandler
                0x00000252                Reserved83_DriverIRQHandler
                0x00000252                Reserved72_DriverIRQHandler
                0x00000252                Reserved23_DriverIRQHandler
                0x00000252                Reserved65_DriverIRQHandler
                0x00000252                ERM0_SINGLE_BIT_DriverIRQHandler
                0x00000252                DMA_CH2_DriverIRQHandler
                0x00000252                CMC_DriverIRQHandler
                0x00000252                Reserved51_DriverIRQHandler
                0x00000252                Reserved25_DriverIRQHandler
                0x00000252                FLEXPWM0_SUBMODULE2_DriverIRQHandler
                0x00000252                FMU0_DriverIRQHandler
                0x00000252                LPSPI1_DriverIRQHandler
                0x00000252                Reserved77_DriverIRQHandler
                0x00000252                Reserved16_DriverIRQHandler
                0x00000252                GPIO2_DriverIRQHandler
                0x00000252                Reserved85_DriverIRQHandler
                0x00000252                ADC0_DriverIRQHandler
                0x00000252                CMP0_DriverIRQHandler
                0x00000252                CDOG0_DriverIRQHandler
                0x00000252                Reserved59_DriverIRQHandler
                0x00000252                DMA_CH0_DriverIRQHandler
                0x00000252                Reserved58_DriverIRQHandler
                0x00000252                DMA_CH1_DriverIRQHandler
                0x00000252                SPC0_DriverIRQHandler
                0x00000252                GLIKEY0_DriverIRQHandler
                0x00000252                Reserved43_DriverIRQHandler
                0x00000252                Reserved46_DriverIRQHandler
                0x00000252                Reserved37_DriverIRQHandler
                0x00000252                Reserved86_DriverIRQHandler
                0x00000252                GPIO1_DriverIRQHandler
                0x00000252                FLEXPWM0_SUBMODULE0_DriverIRQHandler
                0x00000252                Reserved50_DriverIRQHandler
                0x00000252                OS_EVENT_DriverIRQHandler
                0x00000252                SCG0_DriverIRQHandler
                0x00000252                GPIO3_DriverIRQHandler
 *(SORT_BY_ALIGNMENT(.text*))
 .text.__assertion_failed
                0x00000254       0x2c ./utilities/fsl_assert.o
                0x00000254                __assertion_failed
 .text.DbgConsole_Init
                0x00000280       0x88 ./utilities/fsl_debug_console.o
                0x00000280                DbgConsole_Init
 .text.DbgConsole_Vprintf
                0x00000308       0x3c ./utilities/fsl_debug_console.o
                0x00000308                DbgConsole_Vprintf
 .text.DbgConsole_Putchar
                0x00000344       0x30 ./utilities/fsl_debug_console.o
                0x00000344                DbgConsole_Putchar
 .text.DbgConsole_PrintfFormattedData
                0x00000374      0x3e0 ./utilities/fsl_debug_console.o
 .text          0x00000754       0xa0 ./utilities/fsl_memcpy.o
                0x00000754                memcpy
 .text.__NVIC_SetPriority
                0x000007f4       0x54 ./source/nmh1000_app.o
 .text.SysTick_Config
                0x00000848       0x44 ./source/nmh1000_app.o
 .text.SysTick_Handler
                0x0000088c       0x1c ./source/nmh1000_app.o
                0x0000088c                SysTick_Handler
 .text.delay_ms
                0x000008a8       0x30 ./source/nmh1000_app.o
                0x000008a8                delay_ms
 .text.setColor
                0x000008d8       0x78 ./source/nmh1000_app.o
                0x000008d8                setColor
 .text.main     0x00000950       0xb4 ./source/nmh1000_app.o
                0x00000950                main
 .text.sensor_i2c_handler
                0x00000a04       0x3c ./sensors/sensor_comm.o
                0x00000a04                sensor_i2c_handler
 .text.sensor_comm_init
                0x00000a40       0x68 ./sensors/sensor_comm.o
                0x00000a40                sensor_comm_init
 .text.sensor_comm_write
                0x00000aa8       0xc0 ./sensors/sensor_comm.o
                0x00000aa8                sensor_comm_write
 .text.sensor_comm_read
                0x00000b68       0xc0 ./sensors/sensor_comm.o
                0x00000b68                sensor_comm_read
 .text.CLOCK_SetClockSelect
                0x00000c28       0x94 ./drivers/fsl_clock.o
                0x00000c28                CLOCK_SetClockSelect
 .text.CLOCK_SetClockDiv
                0x00000cbc       0x7c ./drivers/fsl_clock.o
                0x00000cbc                CLOCK_SetClockDiv
 .text.CLOCK_SetupFROHFClocking
                0x00000d38       0xf4 ./drivers/fsl_clock.o
                0x00000d38                CLOCK_SetupFROHFClocking
 .text.CLOCK_SetupFRO12MClocking
                0x00000e2c       0x54 ./drivers/fsl_clock.o
                0x00000e2c                CLOCK_SetupFRO12MClocking
 .text.CLOCK_GetFro12MFreq
                0x00000e80       0x28 ./drivers/fsl_clock.o
 .text.CLOCK_GetClk1MFreq
                0x00000ea8       0x14 ./drivers/fsl_clock.o
 .text.CLOCK_GetFroHfFreq
                0x00000ebc       0xc0 ./drivers/fsl_clock.o
 .text.CLOCK_GetClk16KFreq
                0x00000f7c       0x44 ./drivers/fsl_clock.o
 .text.CLOCK_GetExtClkFreq
                0x00000fc0       0x2c ./drivers/fsl_clock.o
 .text.CLOCK_GetMainClk
                0x00000fec       0x68 ./drivers/fsl_clock.o
                0x00000fec                CLOCK_GetMainClk
 .text.CLOCK_GetCoreSysClkFreq
                0x00001054       0x20 ./drivers/fsl_clock.o
                0x00001054                CLOCK_GetCoreSysClkFreq
 .text.CLOCK_GetLpi2cClkFreq
                0x00001074       0xa0 ./drivers/fsl_clock.o
                0x00001074                CLOCK_GetLpi2cClkFreq
 .text.GPIO_PinInit
                0x00001114       0x64 ./drivers/fsl_gpio.o
                0x00001114                GPIO_PinInit
 .text.__NVIC_EnableIRQ
                0x00001178       0x38 ./drivers/fsl_lpi2c.o
 .text.CLOCK_EnableClock
                0x000011b0       0x88 ./drivers/fsl_lpi2c.o
 .text.LPI2C_GetInstance
                0x00001238       0x44 ./drivers/fsl_lpi2c.o
                0x00001238                LPI2C_GetInstance
 .text.LPI2C_GetCyclesForWidth
                0x0000127c       0x9c ./drivers/fsl_lpi2c.o
 .text.LPI2C_MasterGetDefaultConfig
                0x00001318       0x6c ./drivers/fsl_lpi2c.o
                0x00001318                LPI2C_MasterGetDefaultConfig
 .text.LPI2C_MasterInit
                0x00001384      0x1e0 ./drivers/fsl_lpi2c.o
                0x00001384                LPI2C_MasterInit
 .text.LPI2C_MasterSetBaudRate
                0x00001564      0x2c4 ./drivers/fsl_lpi2c.o
                0x00001564                LPI2C_MasterSetBaudRate
 .text.LPI2C_MasterTransferCreateHandle
                0x00001828       0x74 ./drivers/fsl_lpi2c.o
                0x00001828                LPI2C_MasterTransferCreateHandle
 .text.LPI2C_TransferStateMachineSendCommand
                0x0000189c      0x11c ./drivers/fsl_lpi2c.o
 .text.LPI2C_TransferStateMachineReadCommand
                0x000019b8       0x60 ./drivers/fsl_lpi2c.o
 .text.LPI2C_TransferStateMachineTransferData
                0x00001a18       0xa4 ./drivers/fsl_lpi2c.o
 .text.LPI2C_TransferStateMachineStopState
                0x00001abc       0x6c ./drivers/fsl_lpi2c.o
 .text.LPI2C_TransferStateMachineWaitState
                0x00001b28       0x68 ./drivers/fsl_lpi2c.o
 .text.LPI2C_RunTransferStateMachine
                0x00001b90      0x14c ./drivers/fsl_lpi2c.o
 .text.LPI2C_MasterTransferNonBlocking
                0x00001cdc       0xe0 ./drivers/fsl_lpi2c.o
                0x00001cdc                LPI2C_MasterTransferNonBlocking
 .text.LPI2C_MasterTransferAbort
                0x00001dbc       0x54 ./drivers/fsl_lpi2c.o
                0x00001dbc                LPI2C_MasterTransferAbort
 .text.LPI2C_MasterTransferHandleIRQ
                0x00001e10       0x8c ./drivers/fsl_lpi2c.o
                0x00001e10                LPI2C_MasterTransferHandleIRQ
 .text.LPI2C_CommonIRQHandler
                0x00001e9c       0x70 ./drivers/fsl_lpi2c.o
 .text.LPI2C0_DriverIRQHandler
                0x00001f0c       0x14 ./drivers/fsl_lpi2c.o
                0x00001f0c                LPI2C0_DriverIRQHandler
 .text.CLOCK_EnableClock
                0x00001f20       0x88 ./drivers/fsl_lpuart.o
 .text.LPUART_GetInstance
                0x00001fa8       0x4c ./drivers/fsl_lpuart.o
                0x00001fa8                LPUART_GetInstance
 .text.LPUART_Init
                0x00001ff4      0x324 ./drivers/fsl_lpuart.o
                0x00001ff4                LPUART_Init
 .text.LPUART_GetDefaultConfig
                0x00002318       0x88 ./drivers/fsl_lpuart.o
                0x00002318                LPUART_GetDefaultConfig
 .text.LPUART_GetStatusFlags
                0x000023a0       0x38 ./drivers/fsl_lpuart.o
                0x000023a0                LPUART_GetStatusFlags
 .text.LPUART_ClearStatusFlags
                0x000023d8       0x7c ./drivers/fsl_lpuart.o
                0x000023d8                LPUART_ClearStatusFlags
 .text.LPUART_WriteBlocking
                0x00002454       0x68 ./drivers/fsl_lpuart.o
                0x00002454                LPUART_WriteBlocking
 .text.LPUART_ReadBlocking
                0x000024bc      0x160 ./drivers/fsl_lpuart.o
                0x000024bc                LPUART_ReadBlocking
 .text.LPUART0_DriverIRQHandler
                0x0000261c       0x24 ./drivers/fsl_lpuart.o
                0x0000261c                LPUART0_DriverIRQHandler
 .text.LPUART1_DriverIRQHandler
                0x00002640       0x24 ./drivers/fsl_lpuart.o
                0x00002640                LPUART1_DriverIRQHandler
 .text.LPUART2_DriverIRQHandler
                0x00002664       0x24 ./drivers/fsl_lpuart.o
                0x00002664                LPUART2_DriverIRQHandler
 .text.RESET_SetPeripheralReset
                0x00002688       0xb4 ./drivers/fsl_reset.o
                0x00002688                RESET_SetPeripheralReset
 .text.RESET_ClearPeripheralReset
                0x0000273c       0x98 ./drivers/fsl_reset.o
                0x0000273c                RESET_ClearPeripheralReset
 .text.SPC_SetSRAMOperateVoltage
                0x000027d4       0x64 ./drivers/fsl_spc.o
                0x000027d4                SPC_SetSRAMOperateVoltage
 .text.SPC_SetActiveModeCoreLDORegulatorConfig
                0x00002838       0x94 ./drivers/fsl_spc.o
                0x00002838                SPC_SetActiveModeCoreLDORegulatorConfig
 .text.SystemInit
                0x000028cc      0x10c ./device/system_MCXA153.o
                0x000028cc                SystemInit
 .text.HAL_UartInitCommon
                0x000029d8       0xe0 ./component/uart/fsl_adapter_lpuart.o
 .text.HAL_UartInit
                0x00002ab8       0x84 ./component/uart/fsl_adapter_lpuart.o
                0x00002ab8                HAL_UartInit
 .text.HAL_UartReceiveBlocking
                0x00002b3c       0x6c ./component/uart/fsl_adapter_lpuart.o
                0x00002b3c                HAL_UartReceiveBlocking
 .text.HAL_UartSendBlocking
                0x00002ba8       0x64 ./component/uart/fsl_adapter_lpuart.o
                0x00002ba8                HAL_UartSendBlocking
 .text.BOARD_InitDebugConsole
                0x00002c0c       0x30 ./board/board.o
                0x00002c0c                BOARD_InitDebugConsole
 .text.CLOCK_EnableClock
                0x00002c3c       0x88 ./board/clock_config.o
 .text.BOARD_BootClockFRO96M
                0x00002cc4      0x16c ./board/clock_config.o
                0x00002cc4                BOARD_BootClockFRO96M
 .text.CLOCK_EnableClock
                0x00002e30       0x88 ./board/pin_mux.o
 .text.PORT_SetPinConfig
                0x00002eb8       0x38 ./board/pin_mux.o
 .text.BOARD_InitPins
                0x00002ef0      0x174 ./board/pin_mux.o
                0x00002ef0                BOARD_InitPins
 .text._initio  0x00003064       0x78 C:/NXP/MCUXpressoIDE_11.10.0_3148/ide/plugins/com.nxp.mcuxpresso.tools.win32_11.10.0.202311280810/tools/bin/../lib/gcc/arm-none-eabi/13.2.1/../../../../arm-none-eabi/lib/thumb/v8-m.main/nofp\libcr_c.a(initio.o)
                0x00003064                _initio
 .text._Cwritebuf
                0x000030dc       0x6c C:/NXP/MCUXpressoIDE_11.10.0_3148/ide/plugins/com.nxp.mcuxpresso.tools.win32_11.10.0.202311280810/tools/bin/../lib/gcc/arm-none-eabi/13.2.1/../../../../arm-none-eabi/lib/thumb/v8-m.main/nofp\libcr_c.a(_writebuf.o)
                0x000030dc                _Cwritebuf
 .text.fflush   0x00003148       0x3c C:/NXP/MCUXpressoIDE_11.10.0_3148/ide/plugins/com.nxp.mcuxpresso.tools.win32_11.10.0.202311280810/tools/bin/../lib/gcc/arm-none-eabi/13.2.1/../../../../arm-none-eabi/lib/thumb/v8-m.main/nofp\libcr_c.a(fflush.o)
                0x00003148                fflush
 .text.fseek    0x00003184       0xf8 C:/NXP/MCUXpressoIDE_11.10.0_3148/ide/plugins/com.nxp.mcuxpresso.tools.win32_11.10.0.202311280810/tools/bin/../lib/gcc/arm-none-eabi/13.2.1/../../../../arm-none-eabi/lib/thumb/v8-m.main/nofp\libcr_c.a(fseek.o)
                0x00003184                fseek
 .text.ftell    0x0000327c       0x44 C:/NXP/MCUXpressoIDE_11.10.0_3148/ide/plugins/com.nxp.mcuxpresso.tools.win32_11.10.0.202311280810/tools/bin/../lib/gcc/arm-none-eabi/13.2.1/../../../../arm-none-eabi/lib/thumb/v8-m.main/nofp\libcr_c.a(ftell.o)
                0x0000327c                ftell
 .text.fsl_assert_hook
                0x000032c0       0x18 ./utilities/fsl_assert.o
                0x000032c0                fsl_assert_hook
 .text.DbgConsole_Printf
                0x000032d8       0x2c ./utilities/fsl_debug_console.o
                0x000032d8                DbgConsole_Printf
 .text.DbgConsole_PrintfPaddingCharacter
                0x00003304       0x40 ./utilities/fsl_debug_console.o
 .text.DbgConsole_ConvertRadixNumToString
                0x00003344       0xc0 ./utilities/fsl_debug_console.o
 .text.Reserved16_IRQHandler
                0x00003404        0x8 ./startup/startup_mcxa153.o
                0x00003404                Reserved16_IRQHandler
 .text.CMC_IRQHandler
                0x0000340c        0x8 ./startup/startup_mcxa153.o
                0x0000340c                CMC_IRQHandler
 .text.DMA_CH0_IRQHandler
                0x00003414        0x8 ./startup/startup_mcxa153.o
                0x00003414                DMA_CH0_IRQHandler
 .text.DMA_CH1_IRQHandler
                0x0000341c        0x8 ./startup/startup_mcxa153.o
                0x0000341c                DMA_CH1_IRQHandler
 .text.DMA_CH2_IRQHandler
                0x00003424        0x8 ./startup/startup_mcxa153.o
                0x00003424                DMA_CH2_IRQHandler
 .text.DMA_CH3_IRQHandler
                0x0000342c        0x8 ./startup/startup_mcxa153.o
                0x0000342c                DMA_CH3_IRQHandler
 .text.Reserved22_IRQHandler
                0x00003434        0x8 ./startup/startup_mcxa153.o
                0x00003434                Reserved22_IRQHandler
 .text.Reserved23_IRQHandler
                0x0000343c        0x8 ./startup/startup_mcxa153.o
                0x0000343c                Reserved23_IRQHandler
 .text.Reserved24_IRQHandler
                0x00003444        0x8 ./startup/startup_mcxa153.o
                0x00003444                Reserved24_IRQHandler
 .text.Reserved25_IRQHandler
                0x0000344c        0x8 ./startup/startup_mcxa153.o
                0x0000344c                Reserved25_IRQHandler
 .text.ERM0_SINGLE_BIT_IRQHandler
                0x00003454        0x8 ./startup/startup_mcxa153.o
                0x00003454                ERM0_SINGLE_BIT_IRQHandler
 .text.ERM0_MULTI_BIT_IRQHandler
                0x0000345c        0x8 ./startup/startup_mcxa153.o
                0x0000345c                ERM0_MULTI_BIT_IRQHandler
 .text.FMU0_IRQHandler
                0x00003464        0x8 ./startup/startup_mcxa153.o
                0x00003464                FMU0_IRQHandler
 .text.GLIKEY0_IRQHandler
                0x0000346c        0x8 ./startup/startup_mcxa153.o
                0x0000346c                GLIKEY0_IRQHandler
 .text.MBC0_IRQHandler
                0x00003474        0x8 ./startup/startup_mcxa153.o
                0x00003474                MBC0_IRQHandler
 .text.SCG0_IRQHandler
                0x0000347c        0x8 ./startup/startup_mcxa153.o
                0x0000347c                SCG0_IRQHandler
 .text.SPC0_IRQHandler
                0x00003484        0x8 ./startup/startup_mcxa153.o
                0x00003484                SPC0_IRQHandler
 .text.Reserved33_IRQHandler
                0x0000348c        0x8 ./startup/startup_mcxa153.o
                0x0000348c                Reserved33_IRQHandler
 .text.WUU0_IRQHandler
                0x00003494        0x8 ./startup/startup_mcxa153.o
                0x00003494                WUU0_IRQHandler
 .text.Reserved35_IRQHandler
                0x0000349c        0x8 ./startup/startup_mcxa153.o
                0x0000349c                Reserved35_IRQHandler
 .text.Reserved36_IRQHandler
                0x000034a4        0x8 ./startup/startup_mcxa153.o
                0x000034a4                Reserved36_IRQHandler
 .text.Reserved37_IRQHandler
                0x000034ac        0x8 ./startup/startup_mcxa153.o
                0x000034ac                Reserved37_IRQHandler
 .text.Reserved38_IRQHandler
                0x000034b4        0x8 ./startup/startup_mcxa153.o
                0x000034b4                Reserved38_IRQHandler
 .text.Reserved39_IRQHandler
                0x000034bc        0x8 ./startup/startup_mcxa153.o
                0x000034bc                Reserved39_IRQHandler
 .text.I3C0_IRQHandler
                0x000034c4        0x8 ./startup/startup_mcxa153.o
                0x000034c4                I3C0_IRQHandler
 .text.Reserved41_IRQHandler
                0x000034cc        0x8 ./startup/startup_mcxa153.o
                0x000034cc                Reserved41_IRQHandler
 .text.LPI2C0_IRQHandler
                0x000034d4        0x8 ./startup/startup_mcxa153.o
                0x000034d4                LPI2C0_IRQHandler
 .text.Reserved43_IRQHandler
                0x000034dc        0x8 ./startup/startup_mcxa153.o
                0x000034dc                Reserved43_IRQHandler
 .text.LPSPI0_IRQHandler
                0x000034e4        0x8 ./startup/startup_mcxa153.o
                0x000034e4                LPSPI0_IRQHandler
 .text.LPSPI1_IRQHandler
                0x000034ec        0x8 ./startup/startup_mcxa153.o
                0x000034ec                LPSPI1_IRQHandler
 .text.Reserved46_IRQHandler
                0x000034f4        0x8 ./startup/startup_mcxa153.o
                0x000034f4                Reserved46_IRQHandler
 .text.LPUART0_IRQHandler
                0x000034fc        0x8 ./startup/startup_mcxa153.o
                0x000034fc                LPUART0_IRQHandler
 .text.LPUART1_IRQHandler
                0x00003504        0x8 ./startup/startup_mcxa153.o
                0x00003504                LPUART1_IRQHandler
 .text.LPUART2_IRQHandler
                0x0000350c        0x8 ./startup/startup_mcxa153.o
                0x0000350c                LPUART2_IRQHandler
 .text.Reserved50_IRQHandler
                0x00003514        0x8 ./startup/startup_mcxa153.o
                0x00003514                Reserved50_IRQHandler
 .text.Reserved51_IRQHandler
                0x0000351c        0x8 ./startup/startup_mcxa153.o
                0x0000351c                Reserved51_IRQHandler
 .text.USB0_IRQHandler
                0x00003524        0x8 ./startup/startup_mcxa153.o
                0x00003524                USB0_IRQHandler
 .text.Reserved53_IRQHandler
                0x0000352c        0x8 ./startup/startup_mcxa153.o
                0x0000352c                Reserved53_IRQHandler
 .text.CDOG0_IRQHandler
                0x00003534        0x8 ./startup/startup_mcxa153.o
                0x00003534                CDOG0_IRQHandler
 .text.CTIMER0_IRQHandler
                0x0000353c        0x8 ./startup/startup_mcxa153.o
                0x0000353c                CTIMER0_IRQHandler
 .text.CTIMER1_IRQHandler
                0x00003544        0x8 ./startup/startup_mcxa153.o
                0x00003544                CTIMER1_IRQHandler
 .text.CTIMER2_IRQHandler
                0x0000354c        0x8 ./startup/startup_mcxa153.o
                0x0000354c                CTIMER2_IRQHandler
 .text.Reserved58_IRQHandler
                0x00003554        0x8 ./startup/startup_mcxa153.o
                0x00003554                Reserved58_IRQHandler
 .text.Reserved59_IRQHandler
                0x0000355c        0x8 ./startup/startup_mcxa153.o
                0x0000355c                Reserved59_IRQHandler
 .text.FLEXPWM0_RELOAD_ERROR_IRQHandler
                0x00003564        0x8 ./startup/startup_mcxa153.o
                0x00003564                FLEXPWM0_RELOAD_ERROR_IRQHandler
 .text.FLEXPWM0_FAULT_IRQHandler
                0x0000356c        0x8 ./startup/startup_mcxa153.o
                0x0000356c                FLEXPWM0_FAULT_IRQHandler
 .text.FLEXPWM0_SUBMODULE0_IRQHandler
                0x00003574        0x8 ./startup/startup_mcxa153.o
                0x00003574                FLEXPWM0_SUBMODULE0_IRQHandler
 .text.FLEXPWM0_SUBMODULE1_IRQHandler
                0x0000357c        0x8 ./startup/startup_mcxa153.o
                0x0000357c                FLEXPWM0_SUBMODULE1_IRQHandler
 .text.FLEXPWM0_SUBMODULE2_IRQHandler
                0x00003584        0x8 ./startup/startup_mcxa153.o
                0x00003584                FLEXPWM0_SUBMODULE2_IRQHandler
 .text.Reserved65_IRQHandler
                0x0000358c        0x8 ./startup/startup_mcxa153.o
                0x0000358c                Reserved65_IRQHandler
 .text.QDC0_COMPARE_IRQHandler
                0x00003594        0x8 ./startup/startup_mcxa153.o
                0x00003594                QDC0_COMPARE_IRQHandler
 .text.QDC0_HOME_IRQHandler
                0x0000359c        0x8 ./startup/startup_mcxa153.o
                0x0000359c                QDC0_HOME_IRQHandler
 .text.QDC0_WATCHDOG_IRQHandler
                0x000035a4        0x8 ./startup/startup_mcxa153.o
                0x000035a4                QDC0_WATCHDOG_IRQHandler
 .text.QDC0_INDEX_IRQHandler
                0x000035ac        0x8 ./startup/startup_mcxa153.o
                0x000035ac                QDC0_INDEX_IRQHandler
 .text.FREQME0_IRQHandler
                0x000035b4        0x8 ./startup/startup_mcxa153.o
                0x000035b4                FREQME0_IRQHandler
 .text.LPTMR0_IRQHandler
                0x000035bc        0x8 ./startup/startup_mcxa153.o
                0x000035bc                LPTMR0_IRQHandler
 .text.Reserved72_IRQHandler
                0x000035c4        0x8 ./startup/startup_mcxa153.o
                0x000035c4                Reserved72_IRQHandler
 .text.OS_EVENT_IRQHandler
                0x000035cc        0x8 ./startup/startup_mcxa153.o
                0x000035cc                OS_EVENT_IRQHandler
 .text.WAKETIMER0_IRQHandler
                0x000035d4        0x8 ./startup/startup_mcxa153.o
                0x000035d4                WAKETIMER0_IRQHandler
 .text.UTICK0_IRQHandler
                0x000035dc        0x8 ./startup/startup_mcxa153.o
                0x000035dc                UTICK0_IRQHandler
 .text.WWDT0_IRQHandler
                0x000035e4        0x8 ./startup/startup_mcxa153.o
                0x000035e4                WWDT0_IRQHandler
 .text.Reserved77_IRQHandler
                0x000035ec        0x8 ./startup/startup_mcxa153.o
                0x000035ec                Reserved77_IRQHandler
 .text.ADC0_IRQHandler
                0x000035f4        0x8 ./startup/startup_mcxa153.o
                0x000035f4                ADC0_IRQHandler
 .text.Reserved79_IRQHandler
                0x000035fc        0x8 ./startup/startup_mcxa153.o
                0x000035fc                Reserved79_IRQHandler
 .text.CMP0_IRQHandler
                0x00003604        0x8 ./startup/startup_mcxa153.o
                0x00003604                CMP0_IRQHandler
 .text.CMP1_IRQHandler
                0x0000360c        0x8 ./startup/startup_mcxa153.o
                0x0000360c                CMP1_IRQHandler
 .text.Reserved82_IRQHandler
                0x00003614        0x8 ./startup/startup_mcxa153.o
                0x00003614                Reserved82_IRQHandler
 .text.Reserved83_IRQHandler
                0x0000361c        0x8 ./startup/startup_mcxa153.o
                0x0000361c                Reserved83_IRQHandler
 .text.Reserved84_IRQHandler
                0x00003624        0x8 ./startup/startup_mcxa153.o
                0x00003624                Reserved84_IRQHandler
 .text.Reserved85_IRQHandler
                0x0000362c        0x8 ./startup/startup_mcxa153.o
                0x0000362c                Reserved85_IRQHandler
 .text.Reserved86_IRQHandler
                0x00003634        0x8 ./startup/startup_mcxa153.o
                0x00003634                Reserved86_IRQHandler
 .text.GPIO0_IRQHandler
                0x0000363c        0x8 ./startup/startup_mcxa153.o
                0x0000363c                GPIO0_IRQHandler
 .text.GPIO1_IRQHandler
                0x00003644        0x8 ./startup/startup_mcxa153.o
                0x00003644                GPIO1_IRQHandler
 .text.GPIO2_IRQHandler
                0x0000364c        0x8 ./startup/startup_mcxa153.o
                0x0000364c                GPIO2_IRQHandler
 .text.GPIO3_IRQHandler
                0x00003654        0x8 ./startup/startup_mcxa153.o
                0x00003654                GPIO3_IRQHandler
 .text.GPIO_PinWrite
                0x0000365c       0x34 ./source/nmh1000_app.o
 .text.HardFault_Handler
                0x00003690       0x36 ./source/semihost_hardfault.o
                0x00003690                HardFault_Handler
 .text.nmh1000_init
                0x000036c6       0x48 ./sensors/nmh1000_driver.o
                0x000036c6                nmh1000_init
 .text.nmh1000_write_reg
                0x0000370e       0x38 ./sensors/nmh1000_driver.o
                0x0000370e                nmh1000_write_reg
 .text.nmh1000_get_magnetic_data
                0x00003746       0x40 ./sensors/nmh1000_driver.o
                0x00003746                nmh1000_get_magnetic_data
 .text.CLOCK_IsDivHalt
                0x00003786       0x22 ./drivers/fsl_clock.o
 .text.CLOCK_AttachClk
                0x000037a8       0x30 ./drivers/fsl_clock.o
                0x000037a8                CLOCK_AttachClk
 .text.GPIO_PinWrite
                0x000037d8       0x34 ./drivers/fsl_gpio.o
 .text.RESET_ReleasePeripheralReset
                0x0000380c       0x1a ./drivers/fsl_lpi2c.o
 .text.EnableIRQ
                0x00003826       0x32 ./drivers/fsl_lpi2c.o
 .text.LPI2C_MasterReset
                0x00003858       0x1e ./drivers/fsl_lpi2c.o
 .text.LPI2C_MasterEnable
                0x00003876       0x26 ./drivers/fsl_lpi2c.o
 .text.LPI2C_MasterGetStatusFlags
                0x0000389c       0x16 ./drivers/fsl_lpi2c.o
 .text.LPI2C_MasterClearStatusFlags
                0x000038b2       0x1a ./drivers/fsl_lpi2c.o
 .text.LPI2C_MasterEnableInterrupts
                0x000038cc       0x20 ./drivers/fsl_lpi2c.o
 .text.LPI2C_MasterDisableInterrupts
                0x000038ec       0x22 ./drivers/fsl_lpi2c.o
 .text.LPI2C_MasterSetWatermarks
                0x0000390e       0x2a ./drivers/fsl_lpi2c.o
 .text.LPI2C_MasterGetFifoCounts
                0x00003938       0x3c ./drivers/fsl_lpi2c.o
 .text.LPI2C_SlaveEnable
                0x00003974       0x2a ./drivers/fsl_lpi2c.o
 .text.LPI2C_MasterCheckAndClearError
                0x0000399e       0x9c ./drivers/fsl_lpi2c.o
                0x0000399e                LPI2C_MasterCheckAndClearError
 .text.LPI2C_CheckForBusyBus
                0x00003a3a       0x38 ./drivers/fsl_lpi2c.o
                0x00003a3a                LPI2C_CheckForBusyBus
 .text.LPI2C_InitTransferStateMachine
                0x00003a72      0x116 ./drivers/fsl_lpi2c.o
 .text.RESET_ReleasePeripheralReset
                0x00003b88       0x1a ./drivers/fsl_lpuart.o
 .text.LPUART_SoftwareReset
                0x00003ba2       0x2a ./drivers/fsl_lpuart.o
 .text.RESET_PeripheralReset
                0x00003bcc       0x22 ./drivers/fsl_reset.o
                0x00003bcc                RESET_PeripheralReset
 .text.SPC_GetActiveModeBandgapMode
                0x00003bee       0x20 ./drivers/fsl_spc.o
 .text.SPC_GetActiveModeVoltageDetectStatus
                0x00003c0e       0x20 ./drivers/fsl_spc.o
 .text.SPC_GetActiveModeCoreLDOVDDVoltageLevel
                0x00003c2e       0x20 ./drivers/fsl_spc.o
 .text.SPC_GetActiveModeCoreLDODriveStrength
                0x00003c4e       0x20 ./drivers/fsl_spc.o
 .text.SPC_SetActiveModeCoreLDORegulatorVoltageLevel
                0x00003c6e       0x60 ./drivers/fsl_spc.o
                0x00003c6e                SPC_SetActiveModeCoreLDORegulatorVoltageLevel
 .text.SPC_SetActiveModeCoreLDORegulatorDriveStrength
                0x00003cce       0x5e ./drivers/fsl_spc.o
                0x00003cce                SPC_SetActiveModeCoreLDORegulatorDriveStrength
 .text.SystemInitHook
                0x00003d2c        0xc ./device/system_MCXA153.o
                0x00003d2c                SystemInitHook
 .text.HAL_UartGetStatus
                0x00003d38       0x26 ./component/uart/fsl_adapter_lpuart.o
 .text.RESET_ReleasePeripheralReset
                0x00003d5e       0x1a ./board/clock_config.o
 .text.BOARD_InitBootClocks
                0x00003d78        0xc ./board/clock_config.o
                0x00003d78                BOARD_InitBootClocks
 .text.RESET_ReleasePeripheralReset
                0x00003d84       0x1a ./board/pin_mux.o
 .text.PORT_SetPinMux
                0x00003d9e       0x3c ./board/pin_mux.o
 .text.__main   0x00003dda        0xe C:/NXP/MCUXpressoIDE_11.10.0_3148/ide/plugins/com.nxp.mcuxpresso.tools.win32_11.10.0.202311280810/tools/bin/../lib/gcc/arm-none-eabi/13.2.1/../../../../arm-none-eabi/lib/thumb/v8-m.main/nofp\libcr_nohost_nf.a(_cr__main.o)
                0x00003dda                __main
 .text.memset   0x00003de8        0x4 C:/NXP/MCUXpressoIDE_11.10.0_3148/ide/plugins/com.nxp.mcuxpresso.tools.win32_11.10.0.202311280810/tools/bin/../lib/gcc/arm-none-eabi/13.2.1/../../../../arm-none-eabi/lib/thumb/v8-m.main/nofp\libcr_c.a(memset.o)
                0x00003de8                memset
 .text.free     0x00003dec       0x30 C:/NXP/MCUXpressoIDE_11.10.0_3148/ide/plugins/com.nxp.mcuxpresso.tools.win32_11.10.0.202311280810/tools/bin/../lib/gcc/arm-none-eabi/13.2.1/../../../../arm-none-eabi/lib/thumb/v8-m.main/nofp\libcr_c.a(alloc.o)
                0x00003dec                free
 .text.setvbuf  0x00003e1c       0x3e C:/NXP/MCUXpressoIDE_11.10.0_3148/ide/plugins/com.nxp.mcuxpresso.tools.win32_11.10.0.202311280810/tools/bin/../lib/gcc/arm-none-eabi/13.2.1/../../../../arm-none-eabi/lib/thumb/v8-m.main/nofp\libcr_c.a(setvbuf.o)
                0x00003e1c                setvbuf
 .text.strlen   0x00003e5a       0x4e C:/NXP/MCUXpressoIDE_11.10.0_3148/ide/plugins/com.nxp.mcuxpresso.tools.win32_11.10.0.202311280810/tools/bin/../lib/gcc/arm-none-eabi/13.2.1/../../../../arm-none-eabi/lib/thumb/v8-m.main/nofp\libcr_c.a(strlen.o)
                0x00003e5a                strlen
 .text._deferredlazyseek
                0x00003ea8       0x40 C:/NXP/MCUXpressoIDE_11.10.0_3148/ide/plugins/com.nxp.mcuxpresso.tools.win32_11.10.0.202311280810/tools/bin/../lib/gcc/arm-none-eabi/13.2.1/../../../../arm-none-eabi/lib/thumb/v8-m.main/nofp\libcr_c.a(_deferredlazyseek.o)
                0x00003ea8                _deferredlazyseek
 .text._fdopen  0x00003ee8       0x68 C:/NXP/MCUXpressoIDE_11.10.0_3148/ide/plugins/com.nxp.mcuxpresso.tools.win32_11.10.0.202311280810/tools/bin/../lib/gcc/arm-none-eabi/13.2.1/../../../../arm-none-eabi/lib/thumb/v8-m.main/nofp\libcr_c.a(_fdopen.o)
                0x00003ee8                _fdopen
 .text._fflush  0x00003f50       0x52 C:/NXP/MCUXpressoIDE_11.10.0_3148/ide/plugins/com.nxp.mcuxpresso.tools.win32_11.10.0.202311280810/tools/bin/../lib/gcc/arm-none-eabi/13.2.1/../../../../arm-none-eabi/lib/thumb/v8-m.main/nofp\libcr_c.a(_fflush.o)
                0x00003f50                _fflush
 .text.fclose   0x00003fa2       0x58 C:/NXP/MCUXpressoIDE_11.10.0_3148/ide/plugins/com.nxp.mcuxpresso.tools.win32_11.10.0.202311280810/tools/bin/../lib/gcc/arm-none-eabi/13.2.1/../../../../arm-none-eabi/lib/thumb/v8-m.main/nofp\libcr_c.a(fclose.o)
                0x00003fa2                fclose
 .text.remove   0x00003ffa       0x14 C:/NXP/MCUXpressoIDE_11.10.0_3148/ide/plugins/com.nxp.mcuxpresso.tools.win32_11.10.0.202311280810/tools/bin/../lib/gcc/arm-none-eabi/13.2.1/../../../../arm-none-eabi/lib/thumb/v8-m.main/nofp\libcr_c.a(remove.o)
                0x00003ffa                remove
 .text._do_fflush
                0x0000400e       0x40 C:/NXP/MCUXpressoIDE_11.10.0_3148/ide/plugins/com.nxp.mcuxpresso.tools.win32_11.10.0.202311280810/tools/bin/../lib/gcc/arm-none-eabi/13.2.1/../../../../arm-none-eabi/lib/thumb/v8-m.main/nofp\libcr_c.a(_do_fflush.o)
                0x0000400e                _do_fflush
 .text.__aeabi_memset_lowlevel
                0x0000404e       0x32 C:/NXP/MCUXpressoIDE_11.10.0_3148/ide/plugins/com.nxp.mcuxpresso.tools.win32_11.10.0.202311280810/tools/bin/../lib/gcc/arm-none-eabi/13.2.1/thumb/v8-m.main/nofp\libcr_eabihelpers.a(memcpy.o)
                0x0000404e                __aeabi_lowlevel_memset
 .text.__sys_close
                0x00004080        0x6 C:/NXP/MCUXpressoIDE_11.10.0_3148/ide/plugins/com.nxp.mcuxpresso.tools.win32_11.10.0.202311280810/tools/bin/../lib/gcc/arm-none-eabi/13.2.1/../../../../arm-none-eabi/lib/thumb/v8-m.main/nofp\libcr_nohost_nf.a(__sys_close.o)
                0x00004080                __sys_close
 .text.__sys_flen
                0x00004086        0x6 C:/NXP/MCUXpressoIDE_11.10.0_3148/ide/plugins/com.nxp.mcuxpresso.tools.win32_11.10.0.202311280810/tools/bin/../lib/gcc/arm-none-eabi/13.2.1/../../../../arm-none-eabi/lib/thumb/v8-m.main/nofp\libcr_nohost_nf.a(__sys_flen.o)
                0x00004086                __sys_flen
 .text.__sys_istty
                0x0000408c        0x6 C:/NXP/MCUXpressoIDE_11.10.0_3148/ide/plugins/com.nxp.mcuxpresso.tools.win32_11.10.0.202311280810/tools/bin/../lib/gcc/arm-none-eabi/13.2.1/../../../../arm-none-eabi/lib/thumb/v8-m.main/nofp\libcr_nohost_nf.a(__sys_istty.o)
                0x0000408c                __sys_istty
 .text.__sys_remove
                0x00004092        0x6 C:/NXP/MCUXpressoIDE_11.10.0_3148/ide/plugins/com.nxp.mcuxpresso.tools.win32_11.10.0.202311280810/tools/bin/../lib/gcc/arm-none-eabi/13.2.1/../../../../arm-none-eabi/lib/thumb/v8-m.main/nofp\libcr_nohost_nf.a(__sys_remove.o)
                0x00004092                __sys_remove
 .text.__sys_seek
                0x00004098        0x6 C:/NXP/MCUXpressoIDE_11.10.0_3148/ide/plugins/com.nxp.mcuxpresso.tools.win32_11.10.0.202311280810/tools/bin/../lib/gcc/arm-none-eabi/13.2.1/../../../../arm-none-eabi/lib/thumb/v8-m.main/nofp\libcr_nohost_nf.a(__sys_seek.o)
                0x00004098                __sys_seek
 .text.__sys_tmpnam
                0x0000409e        0x6 C:/NXP/MCUXpressoIDE_11.10.0_3148/ide/plugins/com.nxp.mcuxpresso.tools.win32_11.10.0.202311280810/tools/bin/../lib/gcc/arm-none-eabi/13.2.1/../../../../arm-none-eabi/lib/thumb/v8-m.main/nofp\libcr_nohost_nf.a(__sys_tmpnam.o)
                0x0000409e                __sys_tmpnam
 .text.__sys_write
                0x000040a4        0x4 C:/NXP/MCUXpressoIDE_11.10.0_3148/ide/plugins/com.nxp.mcuxpresso.tools.win32_11.10.0.202311280810/tools/bin/../lib/gcc/arm-none-eabi/13.2.1/../../../../arm-none-eabi/lib/thumb/v8-m.main/nofp\libcr_nohost_nf.a(__sys_write.o)
                0x000040a4                __sys_write
 *(SORT_BY_ALIGNMENT(.rodata) SORT_BY_ALIGNMENT(.rodata.*) SORT_BY_ALIGNMENT(.constdata) SORT_BY_ALIGNMENT(.constdata.*))
 .rodata.__assertion_failed.str1.4
                0x000040a8      0x85e ./utilities/fsl_assert.o
                                 0x14 (size before relaxing)
 .rodata.main.str1.4
                0x00004906       0x94 ./source/nmh1000_app.o
 .rodata.CLOCK_SetClockSelect.str1.4
                0x00004906       0x2c ./drivers/fsl_clock.o
 .rodata.CLOCK_SetClockDiv.str1.4
                0x00004906       0x2c ./drivers/fsl_clock.o
 .rodata.GPIO_PinInit.str1.4
                0x00004906       0x20 ./drivers/fsl_gpio.o
 .rodata.LPI2C_GetInstance.str1.4
                0x00004906       0x35 ./drivers/fsl_lpi2c.o
 .rodata.LPI2C_GetCyclesForWidth.str1.4
                0x00004906       0x26 ./drivers/fsl_lpi2c.o
 .rodata.LPI2C_MasterTransferCreateHandle.str1.4
                0x00004906       0x22 ./drivers/fsl_lpi2c.o
 .rodata.LPI2C_TransferStateMachineSendCommand.str1.4
                0x00004906       0x27 ./drivers/fsl_lpi2c.o
 .rodata.LPI2C_TransferStateMachineReadCommand.str1.4
                0x00004906       0x27 ./drivers/fsl_lpi2c.o
 .rodata.LPI2C_TransferStateMachineTransferData.str1.4
                0x00004906       0x27 ./drivers/fsl_lpi2c.o
 .rodata.LPI2C_TransferStateMachineStopState.str1.4
                0x00004906       0x27 ./drivers/fsl_lpi2c.o
 .rodata.LPI2C_TransferStateMachineWaitState.str1.4
                0x00004906       0x27 ./drivers/fsl_lpi2c.o
 .rodata.LPI2C_RunTransferStateMachine.str1.4
                0x00004906       0x5d ./drivers/fsl_lpi2c.o
 .rodata.LPI2C_MasterTransferNonBlocking.str1.4
                0x00004906       0x94 ./drivers/fsl_lpi2c.o
 .rodata.LPI2C_MasterTransferHandleIRQ.str1.4
                0x00004906       0x2d ./drivers/fsl_lpi2c.o
 *fill*         0x00004906        0x2 ff
 .rodata.s_lpuartBases
                0x00004908        0xc ./drivers/fsl_lpuart.o
 .rodata.s_lpuartClock
                0x00004914        0xc ./drivers/fsl_lpuart.o
 .rodata.s_lpuartResets
                0x00004920        0x6 ./drivers/fsl_lpuart.o
 .rodata.LPUART_GetInstance.str1.4
                0x00004926       0x38 ./drivers/fsl_lpuart.o
 .rodata.LPUART_Init.str1.4
                0x00004926      0x10a ./drivers/fsl_lpuart.o
 .rodata.LPUART_GetDefaultConfig.str1.4
                0x00004926       0x22 ./drivers/fsl_lpuart.o
 .rodata.LPUART_WriteBlocking.str1.4
                0x00004926       0x21 ./drivers/fsl_lpuart.o
 .rodata.LPUART_ReadBlocking.str1.4
                0x00004926       0x21 ./drivers/fsl_lpuart.o
 .rodata.RESET_SetPeripheralReset.str1.4
                0x00004926       0x3f ./drivers/fsl_reset.o
 .rodata.RESET_ClearPeripheralReset.str1.4
                0x00004926       0x1e ./drivers/fsl_reset.o
 .rodata.SPC_SetSRAMOperateVoltage.str1.4
                0x00004926       0x1f ./drivers/fsl_spc.o
 .rodata.SPC_SetActiveModeCoreLDORegulatorConfig.str1.4
                0x00004926       0x1f ./drivers/fsl_spc.o
 *fill*         0x00004926        0x2 ff
 .rodata.s_LpuartAdapterBase
                0x00004928        0xc ./component/uart/fsl_adapter_lpuart.o
 .rodata.HAL_UartInit.str1.4
                0x00004934      0x116 ./component/uart/fsl_adapter_lpuart.o
 .rodata.HAL_UartReceiveBlocking.str1.4
                0x00004934       0x7b ./component/uart/fsl_adapter_lpuart.o
 .rodata.HAL_UartSendBlocking.str1.4
                0x00004934       0x7b ./component/uart/fsl_adapter_lpuart.o
 .rodata.PORT_SetPinConfig.str1.4
                0x00004934       0x6e ./board/pin_mux.o
 .rodata.__num_Ciob_streams
                0x00004934        0x4 C:/NXP/MCUXpressoIDE_11.10.0_3148/ide/plugins/com.nxp.mcuxpresso.tools.win32_11.10.0.202311280810/tools/bin/../lib/gcc/arm-none-eabi/13.2.1/../../../../arm-none-eabi/lib/thumb/v8-m.main/nofp\libcr_nohost_nf.a(__ciob.o)
                0x00004934                __num_Ciob_streams
 .rodata._initio.str1.1
                0x00004938        0x4 C:/NXP/MCUXpressoIDE_11.10.0_3148/ide/plugins/com.nxp.mcuxpresso.tools.win32_11.10.0.202311280810/tools/bin/../lib/gcc/arm-none-eabi/13.2.1/../../../../arm-none-eabi/lib/thumb/v8-m.main/nofp\libcr_c.a(initio.o)
                0x00004a4c                        . = ALIGN (0x4)

.glue_7         0x0000493c        0x0
 .glue_7        0x0000493c        0x0 linker stubs

.glue_7t        0x0000493c        0x0
 .glue_7t       0x0000493c        0x0 linker stubs

.vfp11_veneer   0x0000493c        0x0
 .vfp11_veneer  0x0000493c        0x0 linker stubs

.v4_bx          0x0000493c        0x0
 .v4_bx         0x0000493c        0x0 linker stubs

.iplt           0x0000493c        0x0
 .iplt          0x0000493c        0x0 ./utilities/fsl_assert.o

.rel.dyn        0x0000493c        0x0
 .rel.iplt      0x0000493c        0x0 ./utilities/fsl_assert.o

.ARM.extab
 *(SORT_BY_ALIGNMENT(.ARM.extab*) SORT_BY_ALIGNMENT(.gnu.linkonce.armextab.*))

.ARM.exidx      0x0000493c        0x0
                0x0000493c                        __exidx_start = .
 *(SORT_BY_ALIGNMENT(.ARM.exidx*) SORT_BY_ALIGNMENT(.gnu.linkonce.armexidx.*))
                0x0000493c                        __exidx_end = .
                0x0000493c                        _etext = .

.data_RAM2      0x04000000        0x0 load address 0x0000493c
 FILL mask 0xff
                [!provide]                        PROVIDE (__start_data_RAM2 = .)
                [!provide]                        PROVIDE (__start_data_SRAMX0 = .)
 *(SORT_BY_ALIGNMENT(.ramfunc.$RAM2))
 *(SORT_BY_ALIGNMENT(.ramfunc.$SRAMX0))
 *(SORT_BY_ALIGNMENT(.data.$RAM2))
 *(SORT_BY_ALIGNMENT(.data.$SRAMX0))
 *(SORT_BY_ALIGNMENT(.data.$RAM2.*))
 *(SORT_BY_ALIGNMENT(.data.$SRAMX0.*))
                0x04000000                        . = ALIGN (0x4)
                [!provide]                        PROVIDE (__end_data_RAM2 = .)
                [!provide]                        PROVIDE (__end_data_SRAMX0 = .)

.data_RAM3      0x04002000        0x0 load address 0x0000493c
 FILL mask 0xff
                [!provide]                        PROVIDE (__start_data_RAM3 = .)
                [!provide]                        PROVIDE (__start_data_SRAMX1 = .)
 *(SORT_BY_ALIGNMENT(.ramfunc.$RAM3))
 *(SORT_BY_ALIGNMENT(.ramfunc.$SRAMX1))
 *(SORT_BY_ALIGNMENT(.data.$RAM3))
 *(SORT_BY_ALIGNMENT(.data.$SRAMX1))
 *(SORT_BY_ALIGNMENT(.data.$RAM3.*))
 *(SORT_BY_ALIGNMENT(.data.$SRAMX1.*))
                0x04002000                        . = ALIGN (0x4)
                [!provide]                        PROVIDE (__end_data_RAM3 = .)
                [!provide]                        PROVIDE (__end_data_SRAMX1 = .)

.uninit_RESERVED
                0x20000000        0x0
                0x20000000                        _start_uninit_RESERVED = .
 *(SORT_BY_ALIGNMENT(.bss.$RESERVED*))
                0x20000000                        . = ALIGN (0x4)
                0x20000000                        _end_uninit_RESERVED = .

.data           0x20000000        0x8 load address 0x0000493c
 FILL mask 0xff
                0x20000000                        _data = .
                [!provide]                        PROVIDE (__start_data_RAM = .)
                [!provide]                        PROVIDE (__start_data_SRAM = .)
 *(SORT_BY_ALIGNMENT(vtable))
 *(SORT_BY_ALIGNMENT(.ramfunc*))
 *(SORT_BY_ALIGNMENT(CodeQuickAccess))
 *(SORT_BY_ALIGNMENT(DataQuickAccess))
 *(SORT_BY_ALIGNMENT(RamFunction))
 *(SORT_BY_ALIGNMENT(.data*))
 .data.s_Ext_Clk_Freq
                0x20000000        0x4 ./drivers/fsl_clock.o
 .data.SystemCoreClock
                0x20000004        0x4 ./device/system_MCXA153.o
                0x20000004                SystemCoreClock
                0x20000008                        . = ALIGN (0x4)
                0x20000008                        _edata = .
                [!provide]                        PROVIDE (__end_data_RAM = .)
                [!provide]                        PROVIDE (__end_data_SRAM = .)

.igot.plt       0x20000008        0x0 load address 0x00004944
 .igot.plt      0x20000008        0x0 ./utilities/fsl_assert.o

.bss_RAM2       0x04000000        0x0
                [!provide]                        PROVIDE (__start_bss_RAM2 = .)
                [!provide]                        PROVIDE (__start_bss_SRAMX0 = .)
 *(SORT_BY_ALIGNMENT(.bss.$RAM2))
 *(SORT_BY_ALIGNMENT(.bss.$SRAMX0))
 *(SORT_BY_ALIGNMENT(.bss.$RAM2.*))
 *(SORT_BY_ALIGNMENT(.bss.$SRAMX0.*))
                0x04000000                        . = ALIGN ((. != 0x0)?0x4:0x1)
                [!provide]                        PROVIDE (__end_bss_RAM2 = .)
                [!provide]                        PROVIDE (__end_bss_SRAMX0 = .)

.bss_RAM3       0x04002000        0x0
                [!provide]                        PROVIDE (__start_bss_RAM3 = .)
                [!provide]                        PROVIDE (__start_bss_SRAMX1 = .)
 *(SORT_BY_ALIGNMENT(.bss.$RAM3))
 *(SORT_BY_ALIGNMENT(.bss.$SRAMX1))
 *(SORT_BY_ALIGNMENT(.bss.$RAM3.*))
 *(SORT_BY_ALIGNMENT(.bss.$SRAMX1.*))
                0x04002000                        . = ALIGN ((. != 0x0)?0x4:0x1)
                [!provide]                        PROVIDE (__end_bss_RAM3 = .)
                [!provide]                        PROVIDE (__end_bss_SRAMX1 = .)

.bss            0x20000008      0x134
                0x20000008                        _bss = .
                [!provide]                        PROVIDE (__start_bss_RAM = .)
                [!provide]                        PROVIDE (__start_bss_SRAM = .)
 *(SORT_BY_ALIGNMENT(.bss*))
 .bss.s_debugConsole
                0x20000008       0x14 ./utilities/fsl_debug_console.o
 .bss.msTicks   0x2000001c        0x4 ./source/nmh1000_app.o
                0x2000001c                msTicks
 .bss.g_fxps7xxx_i2c_handle
                0x20000020       0x38 ./sensors/sensor_comm.o
                0x20000020                g_fxps7xxx_i2c_handle
 .bss.s_lpi2cMasterIsr
                0x20000058        0x4 ./drivers/fsl_lpi2c.o
                0x20000058                s_lpi2cMasterIsr
 .bss.s_lpi2cMasterHandle
                0x2000005c        0x4 ./drivers/fsl_lpi2c.o
                0x2000005c                s_lpi2cMasterHandle
 .bss.s_lpi2cSlaveIsr
                0x20000060        0x4 ./drivers/fsl_lpi2c.o
 .bss.s_lpi2cSlaveHandle
                0x20000064        0x4 ./drivers/fsl_lpi2c.o
 .bss.s_lpuartHandle
                0x20000068        0xc ./drivers/fsl_lpuart.o
                0x20000068                s_lpuartHandle
 .bss.s_lpuartIsr
                0x20000074        0xc ./drivers/fsl_lpuart.o
                0x20000074                s_lpuartIsr
 .bss.errno     0x20000080        0x4 C:/NXP/MCUXpressoIDE_11.10.0_3148/ide/plugins/com.nxp.mcuxpresso.tools.win32_11.10.0.202311280810/tools/bin/../lib/gcc/arm-none-eabi/13.2.1/../../../../arm-none-eabi/lib/thumb/v8-m.main/nofp\libcr_c.a(errno.o)
                0x20000080                errno
 .bss.__Ciob    0x20000084       0xb4 C:/NXP/MCUXpressoIDE_11.10.0_3148/ide/plugins/com.nxp.mcuxpresso.tools.win32_11.10.0.202311280810/tools/bin/../lib/gcc/arm-none-eabi/13.2.1/../../../../arm-none-eabi/lib/thumb/v8-m.main/nofp\libcr_nohost_nf.a(__ciob.o)
                0x20000084                __Ciob
 .bss.g_completionFlag
                0x20000138        0x1 ./sensors/sensor_comm.o
                0x20000138                g_completionFlag
 .bss.g_nakFlag
                0x20000139        0x1 ./sensors/sensor_comm.o
                0x20000139                g_nakFlag
 *(SORT_BY_ALIGNMENT(COMMON))
                0x2000013c                        . = ALIGN (0x4)
 *fill*         0x2000013a        0x2 
                0x2000013c                        _ebss = .
                [!provide]                        PROVIDE (__end_bss_RAM = .)
                [!provide]                        PROVIDE (__end_bss_SRAM = .)
                [!provide]                        PROVIDE (end = .)

.noinit_RAM2    0x04000000        0x0
                [!provide]                        PROVIDE (__start_noinit_RAM2 = .)
                [!provide]                        PROVIDE (__start_noinit_SRAMX0 = .)
 *(SORT_BY_ALIGNMENT(.noinit.$RAM2))
 *(SORT_BY_ALIGNMENT(.noinit.$SRAMX0))
 *(SORT_BY_ALIGNMENT(.noinit.$RAM2.*))
 *(SORT_BY_ALIGNMENT(.noinit.$SRAMX0.*))
                0x04000000                        . = ALIGN (0x4)
                [!provide]                        PROVIDE (__end_noinit_RAM2 = .)
                [!provide]                        PROVIDE (__end_noinit_SRAMX0 = .)

.noinit_RAM3    0x04002000        0x0
                [!provide]                        PROVIDE (__start_noinit_RAM3 = .)
                [!provide]                        PROVIDE (__start_noinit_SRAMX1 = .)
 *(SORT_BY_ALIGNMENT(.noinit.$RAM3))
 *(SORT_BY_ALIGNMENT(.noinit.$SRAMX1))
 *(SORT_BY_ALIGNMENT(.noinit.$RAM3.*))
 *(SORT_BY_ALIGNMENT(.noinit.$SRAMX1.*))
                0x04002000                        . = ALIGN (0x4)
                [!provide]                        PROVIDE (__end_noinit_RAM3 = .)
                [!provide]                        PROVIDE (__end_noinit_SRAMX1 = .)

.noinit         0x2000013c        0x0
                0x2000013c                        _noinit = .
                [!provide]                        PROVIDE (__start_noinit_RAM = .)
                [!provide]                        PROVIDE (__start_noinit_SRAM = .)
 *(SORT_BY_ALIGNMENT(.noinit*))
                0x2000013c                        . = ALIGN (0x4)
                0x2000013c                        _end_noinit = .
                [!provide]                        PROVIDE (__end_noinit_RAM = .)
                [!provide]                        PROVIDE (__end_noinit_SRAM = .)
                0x00000600                        _HeapSize = 0x600

.heap           0x2000013c      0x600
                0x2000013c                        _pvHeapStart = .
                0x2000073c                        . = (. + _HeapSize)
 *fill*         0x2000013c      0x600 
                0x2000073c                        . = ALIGN (0x4)
                0x2000073c                        _pvHeapLimit = .
                0x00000600                        _StackSize = 0x600

.heap2stackfill
                0x2000073c      0x600
                0x20000d3c                        . = (. + _StackSize)
 *fill*         0x2000073c      0x600 

.stack          0x20005a00        0x0
                0x20005a00                        _vStackBase = .
                0x20005a00                        . = ALIGN (0x4)
                0x20006000                        _vStackTop = (. + _StackSize)
                0x00000000                        _image_start = LOADADDR (.text)
                0x00004944                        _image_end = (LOADADDR (.data) + SIZEOF (.data))
                0x00004944                        _image_size = (_image_end - _image_start)
OUTPUT(frdmmcxa153_lpi2c_interrupt_b2b_transfer_master.axf elf32-littlearm)
LOAD linker stubs

.debug_info     0x00000000    0x156bd
 .debug_info    0x00000000      0x127 ./utilities/fsl_assert.o
 .debug_info    0x00000127      0xd83 ./utilities/fsl_debug_console.o
 .debug_info    0x00000eaa       0x24 ./utilities/fsl_memcpy.o
 .debug_info    0x00000ece      0xb86 ./startup/startup_mcxa153.o
 .debug_info    0x00001a54     0x14df ./source/nmh1000_app.o
 .debug_info    0x00002f33       0x3c ./source/semihost_hardfault.o
 .debug_info    0x00002f6f      0x318 ./sensors/nmh1000_driver.o
 .debug_info    0x00003287      0xe2c ./sensors/sensor_comm.o
 .debug_info    0x000040b3     0x214c ./drivers/fsl_clock.o
 .debug_info    0x000061ff      0x480 ./drivers/fsl_gpio.o
 .debug_info    0x0000667f     0x34a4 ./drivers/fsl_lpi2c.o
 .debug_info    0x00009b23     0x2d15 ./drivers/fsl_lpuart.o
 .debug_info    0x0000c838      0xab1 ./drivers/fsl_reset.o
 .debug_info    0x0000d2e9      0xfd6 ./drivers/fsl_spc.o
 .debug_info    0x0000e2bf      0xaf0 ./device/system_MCXA153.o
 .debug_info    0x0000edaf      0xca0 ./component/uart/fsl_adapter_lpuart.o
 .debug_info    0x0000fa4f      0x6dc ./board/board.o
 .debug_info    0x0001012b     0x1a27 ./board/clock_config.o
 .debug_info    0x00011b52     0x121f ./board/pin_mux.o
 .debug_info    0x00012d71       0x85 C:/NXP/MCUXpressoIDE_11.10.0_3148/ide/plugins/com.nxp.mcuxpresso.tools.win32_11.10.0.202311280810/tools/bin/../lib/gcc/arm-none-eabi/13.2.1/../../../../arm-none-eabi/lib/thumb/v8-m.main/nofp\libcr_nohost_nf.a(_cr__main.o)
 .debug_info    0x00012df6       0xfc C:/NXP/MCUXpressoIDE_11.10.0_3148/ide/plugins/com.nxp.mcuxpresso.tools.win32_11.10.0.202311280810/tools/bin/../lib/gcc/arm-none-eabi/13.2.1/../../../../arm-none-eabi/lib/thumb/v8-m.main/nofp\libcr_c.a(memset.o)
 .debug_info    0x00012ef2      0x520 C:/NXP/MCUXpressoIDE_11.10.0_3148/ide/plugins/com.nxp.mcuxpresso.tools.win32_11.10.0.202311280810/tools/bin/../lib/gcc/arm-none-eabi/13.2.1/../../../../arm-none-eabi/lib/thumb/v8-m.main/nofp\libcr_c.a(alloc.o)
 .debug_info    0x00013412       0x44 C:/NXP/MCUXpressoIDE_11.10.0_3148/ide/plugins/com.nxp.mcuxpresso.tools.win32_11.10.0.202311280810/tools/bin/../lib/gcc/arm-none-eabi/13.2.1/../../../../arm-none-eabi/lib/thumb/v8-m.main/nofp\libcr_c.a(errno.o)
 .debug_info    0x00013456      0x339 C:/NXP/MCUXpressoIDE_11.10.0_3148/ide/plugins/com.nxp.mcuxpresso.tools.win32_11.10.0.202311280810/tools/bin/../lib/gcc/arm-none-eabi/13.2.1/../../../../arm-none-eabi/lib/thumb/v8-m.main/nofp\libcr_c.a(initio.o)
 .debug_info    0x0001378f      0x1fd C:/NXP/MCUXpressoIDE_11.10.0_3148/ide/plugins/com.nxp.mcuxpresso.tools.win32_11.10.0.202311280810/tools/bin/../lib/gcc/arm-none-eabi/13.2.1/../../../../arm-none-eabi/lib/thumb/v8-m.main/nofp\libcr_c.a(setvbuf.o)
 .debug_info    0x0001398c       0xe1 C:/NXP/MCUXpressoIDE_11.10.0_3148/ide/plugins/com.nxp.mcuxpresso.tools.win32_11.10.0.202311280810/tools/bin/../lib/gcc/arm-none-eabi/13.2.1/../../../../arm-none-eabi/lib/thumb/v8-m.main/nofp\libcr_c.a(strlen.o)
 .debug_info    0x00013a6d      0x369 C:/NXP/MCUXpressoIDE_11.10.0_3148/ide/plugins/com.nxp.mcuxpresso.tools.win32_11.10.0.202311280810/tools/bin/../lib/gcc/arm-none-eabi/13.2.1/../../../../arm-none-eabi/lib/thumb/v8-m.main/nofp\libcr_c.a(_deferredlazyseek.o)
 .debug_info    0x00013dd6      0x24b C:/NXP/MCUXpressoIDE_11.10.0_3148/ide/plugins/com.nxp.mcuxpresso.tools.win32_11.10.0.202311280810/tools/bin/../lib/gcc/arm-none-eabi/13.2.1/../../../../arm-none-eabi/lib/thumb/v8-m.main/nofp\libcr_c.a(_fdopen.o)
 .debug_info    0x00014021      0x1e3 C:/NXP/MCUXpressoIDE_11.10.0_3148/ide/plugins/com.nxp.mcuxpresso.tools.win32_11.10.0.202311280810/tools/bin/../lib/gcc/arm-none-eabi/13.2.1/../../../../arm-none-eabi/lib/thumb/v8-m.main/nofp\libcr_c.a(_fflush.o)
 .debug_info    0x00014204      0x289 C:/NXP/MCUXpressoIDE_11.10.0_3148/ide/plugins/com.nxp.mcuxpresso.tools.win32_11.10.0.202311280810/tools/bin/../lib/gcc/arm-none-eabi/13.2.1/../../../../arm-none-eabi/lib/thumb/v8-m.main/nofp\libcr_c.a(_writebuf.o)
 .debug_info    0x0001448d      0x318 C:/NXP/MCUXpressoIDE_11.10.0_3148/ide/plugins/com.nxp.mcuxpresso.tools.win32_11.10.0.202311280810/tools/bin/../lib/gcc/arm-none-eabi/13.2.1/../../../../arm-none-eabi/lib/thumb/v8-m.main/nofp\libcr_c.a(fclose.o)
 .debug_info    0x000147a5      0x209 C:/NXP/MCUXpressoIDE_11.10.0_3148/ide/plugins/com.nxp.mcuxpresso.tools.win32_11.10.0.202311280810/tools/bin/../lib/gcc/arm-none-eabi/13.2.1/../../../../arm-none-eabi/lib/thumb/v8-m.main/nofp\libcr_c.a(fflush.o)
 .debug_info    0x000149ae      0x276 C:/NXP/MCUXpressoIDE_11.10.0_3148/ide/plugins/com.nxp.mcuxpresso.tools.win32_11.10.0.202311280810/tools/bin/../lib/gcc/arm-none-eabi/13.2.1/../../../../arm-none-eabi/lib/thumb/v8-m.main/nofp\libcr_c.a(fseek.o)
 .debug_info    0x00014c24      0x197 C:/NXP/MCUXpressoIDE_11.10.0_3148/ide/plugins/com.nxp.mcuxpresso.tools.win32_11.10.0.202311280810/tools/bin/../lib/gcc/arm-none-eabi/13.2.1/../../../../arm-none-eabi/lib/thumb/v8-m.main/nofp\libcr_c.a(ftell.o)
 .debug_info    0x00014dbb      0x1d7 C:/NXP/MCUXpressoIDE_11.10.0_3148/ide/plugins/com.nxp.mcuxpresso.tools.win32_11.10.0.202311280810/tools/bin/../lib/gcc/arm-none-eabi/13.2.1/../../../../arm-none-eabi/lib/thumb/v8-m.main/nofp\libcr_c.a(remove.o)
 .debug_info    0x00014f92      0x23a C:/NXP/MCUXpressoIDE_11.10.0_3148/ide/plugins/com.nxp.mcuxpresso.tools.win32_11.10.0.202311280810/tools/bin/../lib/gcc/arm-none-eabi/13.2.1/../../../../arm-none-eabi/lib/thumb/v8-m.main/nofp\libcr_c.a(_do_fflush.o)
 .debug_info    0x000151cc      0x18b C:/NXP/MCUXpressoIDE_11.10.0_3148/ide/plugins/com.nxp.mcuxpresso.tools.win32_11.10.0.202311280810/tools/bin/../lib/gcc/arm-none-eabi/13.2.1/../../../../arm-none-eabi/lib/thumb/v8-m.main/nofp\libcr_nohost_nf.a(__ciob.o)
 .debug_info    0x00015357       0x6a C:/NXP/MCUXpressoIDE_11.10.0_3148/ide/plugins/com.nxp.mcuxpresso.tools.win32_11.10.0.202311280810/tools/bin/../lib/gcc/arm-none-eabi/13.2.1/../../../../arm-none-eabi/lib/thumb/v8-m.main/nofp\libcr_nohost_nf.a(__sys_close.o)
 .debug_info    0x000153c1       0x6a C:/NXP/MCUXpressoIDE_11.10.0_3148/ide/plugins/com.nxp.mcuxpresso.tools.win32_11.10.0.202311280810/tools/bin/../lib/gcc/arm-none-eabi/13.2.1/../../../../arm-none-eabi/lib/thumb/v8-m.main/nofp\libcr_nohost_nf.a(__sys_flen.o)
 .debug_info    0x0001542b       0x6a C:/NXP/MCUXpressoIDE_11.10.0_3148/ide/plugins/com.nxp.mcuxpresso.tools.win32_11.10.0.202311280810/tools/bin/../lib/gcc/arm-none-eabi/13.2.1/../../../../arm-none-eabi/lib/thumb/v8-m.main/nofp\libcr_nohost_nf.a(__sys_istty.o)
 .debug_info    0x00015495       0x8a C:/NXP/MCUXpressoIDE_11.10.0_3148/ide/plugins/com.nxp.mcuxpresso.tools.win32_11.10.0.202311280810/tools/bin/../lib/gcc/arm-none-eabi/13.2.1/../../../../arm-none-eabi/lib/thumb/v8-m.main/nofp\libcr_nohost_nf.a(__sys_remove.o)
 .debug_info    0x0001551f       0x78 C:/NXP/MCUXpressoIDE_11.10.0_3148/ide/plugins/com.nxp.mcuxpresso.tools.win32_11.10.0.202311280810/tools/bin/../lib/gcc/arm-none-eabi/13.2.1/../../../../arm-none-eabi/lib/thumb/v8-m.main/nofp\libcr_nohost_nf.a(__sys_seek.o)
 .debug_info    0x00015597       0x93 C:/NXP/MCUXpressoIDE_11.10.0_3148/ide/plugins/com.nxp.mcuxpresso.tools.win32_11.10.0.202311280810/tools/bin/../lib/gcc/arm-none-eabi/13.2.1/../../../../arm-none-eabi/lib/thumb/v8-m.main/nofp\libcr_nohost_nf.a(__sys_tmpnam.o)
 .debug_info    0x0001562a       0x93 C:/NXP/MCUXpressoIDE_11.10.0_3148/ide/plugins/com.nxp.mcuxpresso.tools.win32_11.10.0.202311280810/tools/bin/../lib/gcc/arm-none-eabi/13.2.1/../../../../arm-none-eabi/lib/thumb/v8-m.main/nofp\libcr_nohost_nf.a(__sys_write.o)

.debug_abbrev   0x00000000     0x3a1f
 .debug_abbrev  0x00000000       0xbd ./utilities/fsl_assert.o
 .debug_abbrev  0x000000bd      0x256 ./utilities/fsl_debug_console.o
 .debug_abbrev  0x00000313       0x14 ./utilities/fsl_memcpy.o
 .debug_abbrev  0x00000327      0x134 ./startup/startup_mcxa153.o
 .debug_abbrev  0x0000045b      0x2fe ./source/nmh1000_app.o
 .debug_abbrev  0x00000759       0x31 ./source/semihost_hardfault.o
 .debug_abbrev  0x0000078a      0x119 ./sensors/nmh1000_driver.o
 .debug_abbrev  0x000008a3      0x21f ./sensors/sensor_comm.o
 .debug_abbrev  0x00000ac2      0x30e ./drivers/fsl_clock.o
 .debug_abbrev  0x00000dd0      0x1e3 ./drivers/fsl_gpio.o
 .debug_abbrev  0x00000fb3      0x3c8 ./drivers/fsl_lpi2c.o
 .debug_abbrev  0x0000137b      0x453 ./drivers/fsl_lpuart.o
 .debug_abbrev  0x000017ce      0x14c ./drivers/fsl_reset.o
 .debug_abbrev  0x0000191a      0x2c0 ./drivers/fsl_spc.o
 .debug_abbrev  0x00001bda      0x13d ./device/system_MCXA153.o
 .debug_abbrev  0x00001d17      0x1e7 ./component/uart/fsl_adapter_lpuart.o
 .debug_abbrev  0x00001efe       0xf2 ./board/board.o
 .debug_abbrev  0x00001ff0      0x25c ./board/clock_config.o
 .debug_abbrev  0x0000224c      0x263 ./board/pin_mux.o
 .debug_abbrev  0x000024af       0x70 C:/NXP/MCUXpressoIDE_11.10.0_3148/ide/plugins/com.nxp.mcuxpresso.tools.win32_11.10.0.202311280810/tools/bin/../lib/gcc/arm-none-eabi/13.2.1/../../../../arm-none-eabi/lib/thumb/v8-m.main/nofp\libcr_nohost_nf.a(_cr__main.o)
 .debug_abbrev  0x0000251f       0xa8 C:/NXP/MCUXpressoIDE_11.10.0_3148/ide/plugins/com.nxp.mcuxpresso.tools.win32_11.10.0.202311280810/tools/bin/../lib/gcc/arm-none-eabi/13.2.1/../../../../arm-none-eabi/lib/thumb/v8-m.main/nofp\libcr_c.a(memset.o)
 .debug_abbrev  0x000025c7      0x284 C:/NXP/MCUXpressoIDE_11.10.0_3148/ide/plugins/com.nxp.mcuxpresso.tools.win32_11.10.0.202311280810/tools/bin/../lib/gcc/arm-none-eabi/13.2.1/../../../../arm-none-eabi/lib/thumb/v8-m.main/nofp\libcr_c.a(alloc.o)
 .debug_abbrev  0x0000284b       0x44 C:/NXP/MCUXpressoIDE_11.10.0_3148/ide/plugins/com.nxp.mcuxpresso.tools.win32_11.10.0.202311280810/tools/bin/../lib/gcc/arm-none-eabi/13.2.1/../../../../arm-none-eabi/lib/thumb/v8-m.main/nofp\libcr_c.a(errno.o)
 .debug_abbrev  0x0000288f      0x169 C:/NXP/MCUXpressoIDE_11.10.0_3148/ide/plugins/com.nxp.mcuxpresso.tools.win32_11.10.0.202311280810/tools/bin/../lib/gcc/arm-none-eabi/13.2.1/../../../../arm-none-eabi/lib/thumb/v8-m.main/nofp\libcr_c.a(initio.o)
 .debug_abbrev  0x000029f8       0xe1 C:/NXP/MCUXpressoIDE_11.10.0_3148/ide/plugins/com.nxp.mcuxpresso.tools.win32_11.10.0.202311280810/tools/bin/../lib/gcc/arm-none-eabi/13.2.1/../../../../arm-none-eabi/lib/thumb/v8-m.main/nofp\libcr_c.a(setvbuf.o)
 .debug_abbrev  0x00002ad9       0xa7 C:/NXP/MCUXpressoIDE_11.10.0_3148/ide/plugins/com.nxp.mcuxpresso.tools.win32_11.10.0.202311280810/tools/bin/../lib/gcc/arm-none-eabi/13.2.1/../../../../arm-none-eabi/lib/thumb/v8-m.main/nofp\libcr_c.a(strlen.o)
 .debug_abbrev  0x00002b80      0x152 C:/NXP/MCUXpressoIDE_11.10.0_3148/ide/plugins/com.nxp.mcuxpresso.tools.win32_11.10.0.202311280810/tools/bin/../lib/gcc/arm-none-eabi/13.2.1/../../../../arm-none-eabi/lib/thumb/v8-m.main/nofp\libcr_c.a(_deferredlazyseek.o)
 .debug_abbrev  0x00002cd2      0x119 C:/NXP/MCUXpressoIDE_11.10.0_3148/ide/plugins/com.nxp.mcuxpresso.tools.win32_11.10.0.202311280810/tools/bin/../lib/gcc/arm-none-eabi/13.2.1/../../../../arm-none-eabi/lib/thumb/v8-m.main/nofp\libcr_c.a(_fdopen.o)
 .debug_abbrev  0x00002deb       0xf1 C:/NXP/MCUXpressoIDE_11.10.0_3148/ide/plugins/com.nxp.mcuxpresso.tools.win32_11.10.0.202311280810/tools/bin/../lib/gcc/arm-none-eabi/13.2.1/../../../../arm-none-eabi/lib/thumb/v8-m.main/nofp\libcr_c.a(_fflush.o)
 .debug_abbrev  0x00002edc      0x126 C:/NXP/MCUXpressoIDE_11.10.0_3148/ide/plugins/com.nxp.mcuxpresso.tools.win32_11.10.0.202311280810/tools/bin/../lib/gcc/arm-none-eabi/13.2.1/../../../../arm-none-eabi/lib/thumb/v8-m.main/nofp\libcr_c.a(_writebuf.o)
 .debug_abbrev  0x00003002      0x155 C:/NXP/MCUXpressoIDE_11.10.0_3148/ide/plugins/com.nxp.mcuxpresso.tools.win32_11.10.0.202311280810/tools/bin/../lib/gcc/arm-none-eabi/13.2.1/../../../../arm-none-eabi/lib/thumb/v8-m.main/nofp\libcr_c.a(fclose.o)
 .debug_abbrev  0x00003157      0x125 C:/NXP/MCUXpressoIDE_11.10.0_3148/ide/plugins/com.nxp.mcuxpresso.tools.win32_11.10.0.202311280810/tools/bin/../lib/gcc/arm-none-eabi/13.2.1/../../../../arm-none-eabi/lib/thumb/v8-m.main/nofp\libcr_c.a(fflush.o)
 .debug_abbrev  0x0000327c      0x11b C:/NXP/MCUXpressoIDE_11.10.0_3148/ide/plugins/com.nxp.mcuxpresso.tools.win32_11.10.0.202311280810/tools/bin/../lib/gcc/arm-none-eabi/13.2.1/../../../../arm-none-eabi/lib/thumb/v8-m.main/nofp\libcr_c.a(fseek.o)
 .debug_abbrev  0x00003397       0xc2 C:/NXP/MCUXpressoIDE_11.10.0_3148/ide/plugins/com.nxp.mcuxpresso.tools.win32_11.10.0.202311280810/tools/bin/../lib/gcc/arm-none-eabi/13.2.1/../../../../arm-none-eabi/lib/thumb/v8-m.main/nofp\libcr_c.a(ftell.o)
 .debug_abbrev  0x00003459       0xfb C:/NXP/MCUXpressoIDE_11.10.0_3148/ide/plugins/com.nxp.mcuxpresso.tools.win32_11.10.0.202311280810/tools/bin/../lib/gcc/arm-none-eabi/13.2.1/../../../../arm-none-eabi/lib/thumb/v8-m.main/nofp\libcr_c.a(remove.o)
 .debug_abbrev  0x00003554      0x12c C:/NXP/MCUXpressoIDE_11.10.0_3148/ide/plugins/com.nxp.mcuxpresso.tools.win32_11.10.0.202311280810/tools/bin/../lib/gcc/arm-none-eabi/13.2.1/../../../../arm-none-eabi/lib/thumb/v8-m.main/nofp\libcr_c.a(_do_fflush.o)
 .debug_abbrev  0x00003680       0xb5 C:/NXP/MCUXpressoIDE_11.10.0_3148/ide/plugins/com.nxp.mcuxpresso.tools.win32_11.10.0.202311280810/tools/bin/../lib/gcc/arm-none-eabi/13.2.1/../../../../arm-none-eabi/lib/thumb/v8-m.main/nofp\libcr_nohost_nf.a(__ciob.o)
 .debug_abbrev  0x00003735       0x5c C:/NXP/MCUXpressoIDE_11.10.0_3148/ide/plugins/com.nxp.mcuxpresso.tools.win32_11.10.0.202311280810/tools/bin/../lib/gcc/arm-none-eabi/13.2.1/../../../../arm-none-eabi/lib/thumb/v8-m.main/nofp\libcr_nohost_nf.a(__sys_close.o)
 .debug_abbrev  0x00003791       0x5c C:/NXP/MCUXpressoIDE_11.10.0_3148/ide/plugins/com.nxp.mcuxpresso.tools.win32_11.10.0.202311280810/tools/bin/../lib/gcc/arm-none-eabi/13.2.1/../../../../arm-none-eabi/lib/thumb/v8-m.main/nofp\libcr_nohost_nf.a(__sys_flen.o)
 .debug_abbrev  0x000037ed       0x5c C:/NXP/MCUXpressoIDE_11.10.0_3148/ide/plugins/com.nxp.mcuxpresso.tools.win32_11.10.0.202311280810/tools/bin/../lib/gcc/arm-none-eabi/13.2.1/../../../../arm-none-eabi/lib/thumb/v8-m.main/nofp\libcr_nohost_nf.a(__sys_istty.o)
 .debug_abbrev  0x00003849       0x7d C:/NXP/MCUXpressoIDE_11.10.0_3148/ide/plugins/com.nxp.mcuxpresso.tools.win32_11.10.0.202311280810/tools/bin/../lib/gcc/arm-none-eabi/13.2.1/../../../../arm-none-eabi/lib/thumb/v8-m.main/nofp\libcr_nohost_nf.a(__sys_remove.o)
 .debug_abbrev  0x000038c6       0x6d C:/NXP/MCUXpressoIDE_11.10.0_3148/ide/plugins/com.nxp.mcuxpresso.tools.win32_11.10.0.202311280810/tools/bin/../lib/gcc/arm-none-eabi/13.2.1/../../../../arm-none-eabi/lib/thumb/v8-m.main/nofp\libcr_nohost_nf.a(__sys_seek.o)
 .debug_abbrev  0x00003933       0x76 C:/NXP/MCUXpressoIDE_11.10.0_3148/ide/plugins/com.nxp.mcuxpresso.tools.win32_11.10.0.202311280810/tools/bin/../lib/gcc/arm-none-eabi/13.2.1/../../../../arm-none-eabi/lib/thumb/v8-m.main/nofp\libcr_nohost_nf.a(__sys_tmpnam.o)
 .debug_abbrev  0x000039a9       0x76 C:/NXP/MCUXpressoIDE_11.10.0_3148/ide/plugins/com.nxp.mcuxpresso.tools.win32_11.10.0.202311280810/tools/bin/../lib/gcc/arm-none-eabi/13.2.1/../../../../arm-none-eabi/lib/thumb/v8-m.main/nofp\libcr_nohost_nf.a(__sys_write.o)

.debug_aranges  0x00000000      0xfa0
 .debug_aranges
                0x00000000       0x28 ./utilities/fsl_assert.o
 .debug_aranges
                0x00000028       0x78 ./utilities/fsl_debug_console.o
 .debug_aranges
                0x000000a0       0x20 ./utilities/fsl_memcpy.o
 .debug_aranges
                0x000000c0      0x2e0 ./startup/startup_mcxa153.o
 .debug_aranges
                0x000003a0       0x58 ./source/nmh1000_app.o
 .debug_aranges
                0x000003f8       0x20 ./source/semihost_hardfault.o
 .debug_aranges
                0x00000418       0x38 ./sensors/nmh1000_driver.o
 .debug_aranges
                0x00000450       0x38 ./sensors/sensor_comm.o
 .debug_aranges
                0x00000488      0x168 ./drivers/fsl_clock.o
 .debug_aranges
                0x000005f0       0x50 ./drivers/fsl_gpio.o
 .debug_aranges
                0x00000640      0x1f8 ./drivers/fsl_lpi2c.o
 .debug_aranges
                0x00000838      0x198 ./drivers/fsl_lpuart.o
 .debug_aranges
                0x000009d0       0x30 ./drivers/fsl_reset.o
 .debug_aranges
                0x00000a00      0x110 ./drivers/fsl_spc.o
 .debug_aranges
                0x00000b10       0x30 ./device/system_MCXA153.o
 .debug_aranges
                0x00000b40       0x58 ./component/uart/fsl_adapter_lpuart.o
 .debug_aranges
                0x00000b98       0x20 ./board/board.o
 .debug_aranges
                0x00000bb8       0x58 ./board/clock_config.o
 .debug_aranges
                0x00000c10       0x48 ./board/pin_mux.o
 .debug_aranges
                0x00000c58       0x20 C:/NXP/MCUXpressoIDE_11.10.0_3148/ide/plugins/com.nxp.mcuxpresso.tools.win32_11.10.0.202311280810/tools/bin/../lib/gcc/arm-none-eabi/13.2.1/../../../../arm-none-eabi/lib/thumb/v8-m.main/nofp\libcr_nohost_nf.a(_cr__main.o)
 .debug_aranges
                0x00000c78       0x20 C:/NXP/MCUXpressoIDE_11.10.0_3148/ide/plugins/com.nxp.mcuxpresso.tools.win32_11.10.0.202311280810/tools/bin/../lib/gcc/arm-none-eabi/13.2.1/../../../../arm-none-eabi/lib/thumb/v8-m.main/nofp\libcr_c.a(memset.o)
 .debug_aranges
                0x00000c98       0x40 C:/NXP/MCUXpressoIDE_11.10.0_3148/ide/plugins/com.nxp.mcuxpresso.tools.win32_11.10.0.202311280810/tools/bin/../lib/gcc/arm-none-eabi/13.2.1/../../../../arm-none-eabi/lib/thumb/v8-m.main/nofp\libcr_c.a(alloc.o)
 .debug_aranges
                0x00000cd8       0x18 C:/NXP/MCUXpressoIDE_11.10.0_3148/ide/plugins/com.nxp.mcuxpresso.tools.win32_11.10.0.202311280810/tools/bin/../lib/gcc/arm-none-eabi/13.2.1/../../../../arm-none-eabi/lib/thumb/v8-m.main/nofp\libcr_c.a(errno.o)
 .debug_aranges
                0x00000cf0       0x28 C:/NXP/MCUXpressoIDE_11.10.0_3148/ide/plugins/com.nxp.mcuxpresso.tools.win32_11.10.0.202311280810/tools/bin/../lib/gcc/arm-none-eabi/13.2.1/../../../../arm-none-eabi/lib/thumb/v8-m.main/nofp\libcr_c.a(initio.o)
 .debug_aranges
                0x00000d18       0x20 C:/NXP/MCUXpressoIDE_11.10.0_3148/ide/plugins/com.nxp.mcuxpresso.tools.win32_11.10.0.202311280810/tools/bin/../lib/gcc/arm-none-eabi/13.2.1/../../../../arm-none-eabi/lib/thumb/v8-m.main/nofp\libcr_c.a(setvbuf.o)
 .debug_aranges
                0x00000d38       0x20 C:/NXP/MCUXpressoIDE_11.10.0_3148/ide/plugins/com.nxp.mcuxpresso.tools.win32_11.10.0.202311280810/tools/bin/../lib/gcc/arm-none-eabi/13.2.1/../../../../arm-none-eabi/lib/thumb/v8-m.main/nofp\libcr_c.a(strlen.o)
 .debug_aranges
                0x00000d58       0x28 C:/NXP/MCUXpressoIDE_11.10.0_3148/ide/plugins/com.nxp.mcuxpresso.tools.win32_11.10.0.202311280810/tools/bin/../lib/gcc/arm-none-eabi/13.2.1/../../../../arm-none-eabi/lib/thumb/v8-m.main/nofp\libcr_c.a(_deferredlazyseek.o)
 .debug_aranges
                0x00000d80       0x20 C:/NXP/MCUXpressoIDE_11.10.0_3148/ide/plugins/com.nxp.mcuxpresso.tools.win32_11.10.0.202311280810/tools/bin/../lib/gcc/arm-none-eabi/13.2.1/../../../../arm-none-eabi/lib/thumb/v8-m.main/nofp\libcr_c.a(_fdopen.o)
 .debug_aranges
                0x00000da0       0x20 C:/NXP/MCUXpressoIDE_11.10.0_3148/ide/plugins/com.nxp.mcuxpresso.tools.win32_11.10.0.202311280810/tools/bin/../lib/gcc/arm-none-eabi/13.2.1/../../../../arm-none-eabi/lib/thumb/v8-m.main/nofp\libcr_c.a(_fflush.o)
 .debug_aranges
                0x00000dc0       0x20 C:/NXP/MCUXpressoIDE_11.10.0_3148/ide/plugins/com.nxp.mcuxpresso.tools.win32_11.10.0.202311280810/tools/bin/../lib/gcc/arm-none-eabi/13.2.1/../../../../arm-none-eabi/lib/thumb/v8-m.main/nofp\libcr_c.a(_writebuf.o)
 .debug_aranges
                0x00000de0       0x20 C:/NXP/MCUXpressoIDE_11.10.0_3148/ide/plugins/com.nxp.mcuxpresso.tools.win32_11.10.0.202311280810/tools/bin/../lib/gcc/arm-none-eabi/13.2.1/../../../../arm-none-eabi/lib/thumb/v8-m.main/nofp\libcr_c.a(fclose.o)
 .debug_aranges
                0x00000e00       0x20 C:/NXP/MCUXpressoIDE_11.10.0_3148/ide/plugins/com.nxp.mcuxpresso.tools.win32_11.10.0.202311280810/tools/bin/../lib/gcc/arm-none-eabi/13.2.1/../../../../arm-none-eabi/lib/thumb/v8-m.main/nofp\libcr_c.a(fflush.o)
 .debug_aranges
                0x00000e20       0x20 C:/NXP/MCUXpressoIDE_11.10.0_3148/ide/plugins/com.nxp.mcuxpresso.tools.win32_11.10.0.202311280810/tools/bin/../lib/gcc/arm-none-eabi/13.2.1/../../../../arm-none-eabi/lib/thumb/v8-m.main/nofp\libcr_c.a(fseek.o)
 .debug_aranges
                0x00000e40       0x20 C:/NXP/MCUXpressoIDE_11.10.0_3148/ide/plugins/com.nxp.mcuxpresso.tools.win32_11.10.0.202311280810/tools/bin/../lib/gcc/arm-none-eabi/13.2.1/../../../../arm-none-eabi/lib/thumb/v8-m.main/nofp\libcr_c.a(ftell.o)
 .debug_aranges
                0x00000e60       0x28 C:/NXP/MCUXpressoIDE_11.10.0_3148/ide/plugins/com.nxp.mcuxpresso.tools.win32_11.10.0.202311280810/tools/bin/../lib/gcc/arm-none-eabi/13.2.1/../../../../arm-none-eabi/lib/thumb/v8-m.main/nofp\libcr_c.a(remove.o)
 .debug_aranges
                0x00000e88       0x20 C:/NXP/MCUXpressoIDE_11.10.0_3148/ide/plugins/com.nxp.mcuxpresso.tools.win32_11.10.0.202311280810/tools/bin/../lib/gcc/arm-none-eabi/13.2.1/../../../../arm-none-eabi/lib/thumb/v8-m.main/nofp\libcr_c.a(_do_fflush.o)
 .debug_aranges
                0x00000ea8       0x18 C:/NXP/MCUXpressoIDE_11.10.0_3148/ide/plugins/com.nxp.mcuxpresso.tools.win32_11.10.0.202311280810/tools/bin/../lib/gcc/arm-none-eabi/13.2.1/../../../../arm-none-eabi/lib/thumb/v8-m.main/nofp\libcr_nohost_nf.a(__ciob.o)
 .debug_aranges
                0x00000ec0       0x20 C:/NXP/MCUXpressoIDE_11.10.0_3148/ide/plugins/com.nxp.mcuxpresso.tools.win32_11.10.0.202311280810/tools/bin/../lib/gcc/arm-none-eabi/13.2.1/../../../../arm-none-eabi/lib/thumb/v8-m.main/nofp\libcr_nohost_nf.a(__sys_close.o)
 .debug_aranges
                0x00000ee0       0x20 C:/NXP/MCUXpressoIDE_11.10.0_3148/ide/plugins/com.nxp.mcuxpresso.tools.win32_11.10.0.202311280810/tools/bin/../lib/gcc/arm-none-eabi/13.2.1/../../../../arm-none-eabi/lib/thumb/v8-m.main/nofp\libcr_nohost_nf.a(__sys_flen.o)
 .debug_aranges
                0x00000f00       0x20 C:/NXP/MCUXpressoIDE_11.10.0_3148/ide/plugins/com.nxp.mcuxpresso.tools.win32_11.10.0.202311280810/tools/bin/../lib/gcc/arm-none-eabi/13.2.1/../../../../arm-none-eabi/lib/thumb/v8-m.main/nofp\libcr_nohost_nf.a(__sys_istty.o)
 .debug_aranges
                0x00000f20       0x20 C:/NXP/MCUXpressoIDE_11.10.0_3148/ide/plugins/com.nxp.mcuxpresso.tools.win32_11.10.0.202311280810/tools/bin/../lib/gcc/arm-none-eabi/13.2.1/../../../../arm-none-eabi/lib/thumb/v8-m.main/nofp\libcr_nohost_nf.a(__sys_remove.o)
 .debug_aranges
                0x00000f40       0x20 C:/NXP/MCUXpressoIDE_11.10.0_3148/ide/plugins/com.nxp.mcuxpresso.tools.win32_11.10.0.202311280810/tools/bin/../lib/gcc/arm-none-eabi/13.2.1/../../../../arm-none-eabi/lib/thumb/v8-m.main/nofp\libcr_nohost_nf.a(__sys_seek.o)
 .debug_aranges
                0x00000f60       0x20 C:/NXP/MCUXpressoIDE_11.10.0_3148/ide/plugins/com.nxp.mcuxpresso.tools.win32_11.10.0.202311280810/tools/bin/../lib/gcc/arm-none-eabi/13.2.1/../../../../arm-none-eabi/lib/thumb/v8-m.main/nofp\libcr_nohost_nf.a(__sys_tmpnam.o)
 .debug_aranges
                0x00000f80       0x20 C:/NXP/MCUXpressoIDE_11.10.0_3148/ide/plugins/com.nxp.mcuxpresso.tools.win32_11.10.0.202311280810/tools/bin/../lib/gcc/arm-none-eabi/13.2.1/../../../../arm-none-eabi/lib/thumb/v8-m.main/nofp\libcr_nohost_nf.a(__sys_write.o)

.debug_ranges   0x00000000      0xd68
 .debug_ranges  0x00000000       0x18 ./utilities/fsl_assert.o
 .debug_ranges  0x00000018       0x68 ./utilities/fsl_debug_console.o
 .debug_ranges  0x00000080      0x2d0 ./startup/startup_mcxa153.o
 .debug_ranges  0x00000350       0x48 ./source/nmh1000_app.o
 .debug_ranges  0x00000398       0x10 ./source/semihost_hardfault.o
 .debug_ranges  0x000003a8       0x28 ./sensors/nmh1000_driver.o
 .debug_ranges  0x000003d0       0x28 ./sensors/sensor_comm.o
 .debug_ranges  0x000003f8      0x158 ./drivers/fsl_clock.o
 .debug_ranges  0x00000550       0x40 ./drivers/fsl_gpio.o
 .debug_ranges  0x00000590      0x230 ./drivers/fsl_lpi2c.o
 .debug_ranges  0x000007c0      0x188 ./drivers/fsl_lpuart.o
 .debug_ranges  0x00000948       0x20 ./drivers/fsl_reset.o
 .debug_ranges  0x00000968      0x100 ./drivers/fsl_spc.o
 .debug_ranges  0x00000a68       0x20 ./device/system_MCXA153.o
 .debug_ranges  0x00000a88       0x48 ./component/uart/fsl_adapter_lpuart.o
 .debug_ranges  0x00000ad0       0x10 ./board/board.o
 .debug_ranges  0x00000ae0       0x48 ./board/clock_config.o
 .debug_ranges  0x00000b28       0x38 ./board/pin_mux.o
 .debug_ranges  0x00000b60       0x10 C:/NXP/MCUXpressoIDE_11.10.0_3148/ide/plugins/com.nxp.mcuxpresso.tools.win32_11.10.0.202311280810/tools/bin/../lib/gcc/arm-none-eabi/13.2.1/../../../../arm-none-eabi/lib/thumb/v8-m.main/nofp\libcr_nohost_nf.a(_cr__main.o)
 .debug_ranges  0x00000b70       0x10 C:/NXP/MCUXpressoIDE_11.10.0_3148/ide/plugins/com.nxp.mcuxpresso.tools.win32_11.10.0.202311280810/tools/bin/../lib/gcc/arm-none-eabi/13.2.1/../../../../arm-none-eabi/lib/thumb/v8-m.main/nofp\libcr_c.a(memset.o)
 .debug_ranges  0x00000b80       0x48 C:/NXP/MCUXpressoIDE_11.10.0_3148/ide/plugins/com.nxp.mcuxpresso.tools.win32_11.10.0.202311280810/tools/bin/../lib/gcc/arm-none-eabi/13.2.1/../../../../arm-none-eabi/lib/thumb/v8-m.main/nofp\libcr_c.a(alloc.o)
 .debug_ranges  0x00000bc8       0x18 C:/NXP/MCUXpressoIDE_11.10.0_3148/ide/plugins/com.nxp.mcuxpresso.tools.win32_11.10.0.202311280810/tools/bin/../lib/gcc/arm-none-eabi/13.2.1/../../../../arm-none-eabi/lib/thumb/v8-m.main/nofp\libcr_c.a(initio.o)
 .debug_ranges  0x00000be0       0x10 C:/NXP/MCUXpressoIDE_11.10.0_3148/ide/plugins/com.nxp.mcuxpresso.tools.win32_11.10.0.202311280810/tools/bin/../lib/gcc/arm-none-eabi/13.2.1/../../../../arm-none-eabi/lib/thumb/v8-m.main/nofp\libcr_c.a(setvbuf.o)
 .debug_ranges  0x00000bf0       0x10 C:/NXP/MCUXpressoIDE_11.10.0_3148/ide/plugins/com.nxp.mcuxpresso.tools.win32_11.10.0.202311280810/tools/bin/../lib/gcc/arm-none-eabi/13.2.1/../../../../arm-none-eabi/lib/thumb/v8-m.main/nofp\libcr_c.a(strlen.o)
 .debug_ranges  0x00000c00       0x30 C:/NXP/MCUXpressoIDE_11.10.0_3148/ide/plugins/com.nxp.mcuxpresso.tools.win32_11.10.0.202311280810/tools/bin/../lib/gcc/arm-none-eabi/13.2.1/../../../../arm-none-eabi/lib/thumb/v8-m.main/nofp\libcr_c.a(_deferredlazyseek.o)
 .debug_ranges  0x00000c30       0x10 C:/NXP/MCUXpressoIDE_11.10.0_3148/ide/plugins/com.nxp.mcuxpresso.tools.win32_11.10.0.202311280810/tools/bin/../lib/gcc/arm-none-eabi/13.2.1/../../../../arm-none-eabi/lib/thumb/v8-m.main/nofp\libcr_c.a(_fdopen.o)
 .debug_ranges  0x00000c40       0x10 C:/NXP/MCUXpressoIDE_11.10.0_3148/ide/plugins/com.nxp.mcuxpresso.tools.win32_11.10.0.202311280810/tools/bin/../lib/gcc/arm-none-eabi/13.2.1/../../../../arm-none-eabi/lib/thumb/v8-m.main/nofp\libcr_c.a(_fflush.o)
 .debug_ranges  0x00000c50       0x10 C:/NXP/MCUXpressoIDE_11.10.0_3148/ide/plugins/com.nxp.mcuxpresso.tools.win32_11.10.0.202311280810/tools/bin/../lib/gcc/arm-none-eabi/13.2.1/../../../../arm-none-eabi/lib/thumb/v8-m.main/nofp\libcr_c.a(_writebuf.o)
 .debug_ranges  0x00000c60       0x10 C:/NXP/MCUXpressoIDE_11.10.0_3148/ide/plugins/com.nxp.mcuxpresso.tools.win32_11.10.0.202311280810/tools/bin/../lib/gcc/arm-none-eabi/13.2.1/../../../../arm-none-eabi/lib/thumb/v8-m.main/nofp\libcr_c.a(fclose.o)
 .debug_ranges  0x00000c70       0x28 C:/NXP/MCUXpressoIDE_11.10.0_3148/ide/plugins/com.nxp.mcuxpresso.tools.win32_11.10.0.202311280810/tools/bin/../lib/gcc/arm-none-eabi/13.2.1/../../../../arm-none-eabi/lib/thumb/v8-m.main/nofp\libcr_c.a(fflush.o)
 .debug_ranges  0x00000c98       0x10 C:/NXP/MCUXpressoIDE_11.10.0_3148/ide/plugins/com.nxp.mcuxpresso.tools.win32_11.10.0.202311280810/tools/bin/../lib/gcc/arm-none-eabi/13.2.1/../../../../arm-none-eabi/lib/thumb/v8-m.main/nofp\libcr_c.a(fseek.o)
 .debug_ranges  0x00000ca8       0x10 C:/NXP/MCUXpressoIDE_11.10.0_3148/ide/plugins/com.nxp.mcuxpresso.tools.win32_11.10.0.202311280810/tools/bin/../lib/gcc/arm-none-eabi/13.2.1/../../../../arm-none-eabi/lib/thumb/v8-m.main/nofp\libcr_c.a(ftell.o)
 .debug_ranges  0x00000cb8       0x18 C:/NXP/MCUXpressoIDE_11.10.0_3148/ide/plugins/com.nxp.mcuxpresso.tools.win32_11.10.0.202311280810/tools/bin/../lib/gcc/arm-none-eabi/13.2.1/../../../../arm-none-eabi/lib/thumb/v8-m.main/nofp\libcr_c.a(remove.o)
 .debug_ranges  0x00000cd0       0x28 C:/NXP/MCUXpressoIDE_11.10.0_3148/ide/plugins/com.nxp.mcuxpresso.tools.win32_11.10.0.202311280810/tools/bin/../lib/gcc/arm-none-eabi/13.2.1/../../../../arm-none-eabi/lib/thumb/v8-m.main/nofp\libcr_c.a(_do_fflush.o)
 .debug_ranges  0x00000cf8       0x10 C:/NXP/MCUXpressoIDE_11.10.0_3148/ide/plugins/com.nxp.mcuxpresso.tools.win32_11.10.0.202311280810/tools/bin/../lib/gcc/arm-none-eabi/13.2.1/../../../../arm-none-eabi/lib/thumb/v8-m.main/nofp\libcr_nohost_nf.a(__sys_close.o)
 .debug_ranges  0x00000d08       0x10 C:/NXP/MCUXpressoIDE_11.10.0_3148/ide/plugins/com.nxp.mcuxpresso.tools.win32_11.10.0.202311280810/tools/bin/../lib/gcc/arm-none-eabi/13.2.1/../../../../arm-none-eabi/lib/thumb/v8-m.main/nofp\libcr_nohost_nf.a(__sys_flen.o)
 .debug_ranges  0x00000d18       0x10 C:/NXP/MCUXpressoIDE_11.10.0_3148/ide/plugins/com.nxp.mcuxpresso.tools.win32_11.10.0.202311280810/tools/bin/../lib/gcc/arm-none-eabi/13.2.1/../../../../arm-none-eabi/lib/thumb/v8-m.main/nofp\libcr_nohost_nf.a(__sys_istty.o)
 .debug_ranges  0x00000d28       0x10 C:/NXP/MCUXpressoIDE_11.10.0_3148/ide/plugins/com.nxp.mcuxpresso.tools.win32_11.10.0.202311280810/tools/bin/../lib/gcc/arm-none-eabi/13.2.1/../../../../arm-none-eabi/lib/thumb/v8-m.main/nofp\libcr_nohost_nf.a(__sys_remove.o)
 .debug_ranges  0x00000d38       0x10 C:/NXP/MCUXpressoIDE_11.10.0_3148/ide/plugins/com.nxp.mcuxpresso.tools.win32_11.10.0.202311280810/tools/bin/../lib/gcc/arm-none-eabi/13.2.1/../../../../arm-none-eabi/lib/thumb/v8-m.main/nofp\libcr_nohost_nf.a(__sys_seek.o)
 .debug_ranges  0x00000d48       0x10 C:/NXP/MCUXpressoIDE_11.10.0_3148/ide/plugins/com.nxp.mcuxpresso.tools.win32_11.10.0.202311280810/tools/bin/../lib/gcc/arm-none-eabi/13.2.1/../../../../arm-none-eabi/lib/thumb/v8-m.main/nofp\libcr_nohost_nf.a(__sys_tmpnam.o)
 .debug_ranges  0x00000d58       0x10 C:/NXP/MCUXpressoIDE_11.10.0_3148/ide/plugins/com.nxp.mcuxpresso.tools.win32_11.10.0.202311280810/tools/bin/../lib/gcc/arm-none-eabi/13.2.1/../../../../arm-none-eabi/lib/thumb/v8-m.main/nofp\libcr_nohost_nf.a(__sys_write.o)

.debug_macro    0x00000000    0x1650d
 .debug_macro   0x00000000      0x146 ./utilities/fsl_assert.o
 .debug_macro   0x00000146      0xb02 ./utilities/fsl_assert.o
 .debug_macro   0x00000c48       0x10 ./utilities/fsl_assert.o
 .debug_macro   0x00000c58       0x1c ./utilities/fsl_assert.o
 .debug_macro   0x00000c74       0x22 ./utilities/fsl_assert.o
 .debug_macro   0x00000c96      0x12e ./utilities/fsl_assert.o
 .debug_macro   0x00000dc4      0x5b3 ./utilities/fsl_assert.o
 .debug_macro   0x00001377       0x22 ./utilities/fsl_assert.o
 .debug_macro   0x00001399       0x10 ./utilities/fsl_assert.o
 .debug_macro   0x000013a9       0x46 ./utilities/fsl_assert.o
 .debug_macro   0x000013ef       0x1c ./utilities/fsl_assert.o
 .debug_macro   0x0000140b       0x2a ./utilities/fsl_assert.o
 .debug_macro   0x00001435       0xdf ./utilities/fsl_assert.o
 .debug_macro   0x00001514     0x1543 ./utilities/fsl_assert.o
 .debug_macro   0x00002a57       0x2e ./utilities/fsl_assert.o
 .debug_macro   0x00002a85    0x11612 ./utilities/fsl_assert.o
 .debug_macro   0x00014097      0x766 ./utilities/fsl_assert.o
 .debug_macro   0x000147fd       0x88 ./utilities/fsl_assert.o
 .debug_macro   0x00014885       0xaf ./utilities/fsl_assert.o
 .debug_macro   0x00014934       0xd9 ./utilities/fsl_assert.o
 .debug_macro   0x00014a0d       0x16 ./utilities/fsl_assert.o
 .debug_macro   0x00014a23       0x7b ./utilities/fsl_assert.o
 .debug_macro   0x00014a9e       0x1c ./utilities/fsl_assert.o
 .debug_macro   0x00014aba       0x1c ./utilities/fsl_assert.o
 .debug_macro   0x00014ad6       0x34 ./utilities/fsl_assert.o
 .debug_macro   0x00014b0a      0x16c ./utilities/fsl_debug_console.o
 .debug_macro   0x00014c76       0x16 ./utilities/fsl_debug_console.o
 .debug_macro   0x00014c8c       0x10 ./utilities/fsl_debug_console.o
 .debug_macro   0x00014c9c       0x28 ./utilities/fsl_debug_console.o
 .debug_macro   0x00014cc4       0xc4 ./utilities/fsl_debug_console.o
 .debug_macro   0x00014d88       0x16 ./utilities/fsl_debug_console.o
 .debug_macro   0x00014d9e       0x47 ./utilities/fsl_debug_console.o
 .debug_macro   0x00014de5       0x29 ./startup/startup_mcxa153.o
 .debug_macro   0x00014e0e      0x1b7 ./source/nmh1000_app.o
 .debug_macro   0x00014fc5       0x23 ./source/nmh1000_app.o
 .debug_macro   0x00014fe8       0x16 ./source/nmh1000_app.o
 .debug_macro   0x00014ffe      0x100 ./source/nmh1000_app.o
 .debug_macro   0x000150fe       0xac ./source/nmh1000_app.o
 .debug_macro   0x000151aa       0x16 ./source/nmh1000_app.o
 .debug_macro   0x000151c0      0x158 ./source/nmh1000_app.o
 .debug_macro   0x00015318       0x16 ./source/nmh1000_app.o
 .debug_macro   0x0001532e       0x1c ./source/nmh1000_app.o
 .debug_macro   0x0001534a       0x16 ./source/nmh1000_app.o
 .debug_macro   0x00015360       0x11 ./source/semihost_hardfault.o
 .debug_macro   0x00015371      0x193 ./sensors/nmh1000_driver.o
 .debug_macro   0x00015504       0x1c ./sensors/nmh1000_driver.o
 .debug_macro   0x00015520      0x18c ./sensors/sensor_comm.o
 .debug_macro   0x000156ac      0x12b ./drivers/fsl_clock.o
 .debug_macro   0x000157d7      0x13a ./drivers/fsl_gpio.o
 .debug_macro   0x00015911       0x10 ./drivers/fsl_gpio.o
 .debug_macro   0x00015921      0x13f ./drivers/fsl_lpi2c.o
 .debug_macro   0x00015a60       0x16 ./drivers/fsl_lpi2c.o
 .debug_macro   0x00015a76       0x1c ./drivers/fsl_lpi2c.o
 .debug_macro   0x00015a92       0x10 ./drivers/fsl_lpi2c.o
 .debug_macro   0x00015aa2      0x140 ./drivers/fsl_lpuart.o
 .debug_macro   0x00015be2       0x10 ./drivers/fsl_lpuart.o
 .debug_macro   0x00015bf2      0x137 ./drivers/fsl_reset.o
 .debug_macro   0x00015d29      0x13a ./drivers/fsl_spc.o
 .debug_macro   0x00015e63       0x2e ./drivers/fsl_spc.o
 .debug_macro   0x00015e91       0x98 ./device/system_MCXA153.o
 .debug_macro   0x00015f29      0x159 ./component/uart/fsl_adapter_lpuart.o
 .debug_macro   0x00016082       0x41 ./component/uart/fsl_adapter_lpuart.o
 .debug_macro   0x000160c3      0x16c ./board/board.o
 .debug_macro   0x0001622f       0x29 ./board/board.o
 .debug_macro   0x00016258      0x141 ./board/clock_config.o
 .debug_macro   0x00016399       0x34 ./board/clock_config.o
 .debug_macro   0x000163cd      0x140 ./board/pin_mux.o

.debug_line     0x00000000     0xabee
 .debug_line    0x00000000      0x3f0 ./utilities/fsl_assert.o
 .debug_line    0x000003f0      0x8aa ./utilities/fsl_debug_console.o
 .debug_line    0x00000c9a       0x89 ./utilities/fsl_memcpy.o
 .debug_line    0x00000d23      0x8ff ./startup/startup_mcxa153.o
 .debug_line    0x00001622      0x6e7 ./source/nmh1000_app.o