C:\Dev\NXP\Training\workspace\frdmmcxa153_lpi2c_interrupt_b2b_transfer_master\CMSIS/core_cm33.h:2390:22:__NVIC_EnableIRQ	16	static
../drivers/fsl_clock.h:546:20:CLOCK_EnableClock	32	static
../drivers/fsl_clock.h:579:20:CLOCK_DisableClock	32	static
../drivers/fsl_reset.h:196:20:RESET_ReleasePeripheralReset	16	static
../drivers/fsl_common_arm.h:570:24:EnableIRQ	24	static
../drivers/fsl_lpi2c.h:570:20:LPI2C_MasterReset	16	static
../drivers/fsl_lpi2c.h:582:20:LPI2C_MasterEnable	16	static
../drivers/fsl_lpi2c.h:606:24:LPI2C_MasterGetStatusFlags	16	static
../drivers/fsl_lpi2c.h:631:20:LPI2C_MasterClearStatusFlags	16	static
../drivers/fsl_lpi2c.h:653:20:LPI2C_MasterEnableInterrupts	16	static
../drivers/fsl_lpi2c.h:668:20:LPI2C_MasterDisableInterrupts	16	static
../drivers/fsl_lpi2c.h:680:24:LPI2C_MasterGetEnabledInterrupts	16	static
../drivers/fsl_lpi2c.h:744:20:LPI2C_MasterSetWatermarks	24	static
../drivers/fsl_lpi2c.h:758:20:LPI2C_MasterGetFifoCounts	24	static
../drivers/fsl_lpi2c.h:1067:20:LPI2C_SlaveReset	16	static
../drivers/fsl_lpi2c.h:1079:20:LPI2C_SlaveEnable	16	static
../drivers/fsl_lpi2c.h:1103:24:LPI2C_SlaveGetStatusFlags	16	static
../drivers/fsl_lpi2c.h:1125:20:LPI2C_SlaveClearStatusFlags	16	static
../drivers/fsl_lpi2c.h:1146:20:LPI2C_SlaveEnableInterrupts	16	static
../drivers/fsl_lpi2c.h:1161:20:LPI2C_SlaveDisableInterrupts	16	static
../drivers/fsl_lpi2c.c:222:10:LPI2C_GetInstance	24	static
../drivers/fsl_lpi2c.c:245:17:LPI2C_GetCyclesForWidth	40	static
../drivers/fsl_lpi2c.c:286:10:LPI2C_MasterCheckAndClearError	24	static
../drivers/fsl_lpi2c.c:353:17:LPI2C_MasterWaitForTxReady	32	static
../drivers/fsl_lpi2c.c:401:10:LPI2C_CheckForBusyBus	24	static
../drivers/fsl_lpi2c.c:442:6:LPI2C_MasterGetDefaultConfig	16	static
../drivers/fsl_lpi2c.c:475:6:LPI2C_MasterInit	56	static
../drivers/fsl_lpi2c.c:580:6:LPI2C_MasterDeinit	24	static
../drivers/fsl_lpi2c.c:605:6:LPI2C_MasterConfigureDataMatch	24	static
../drivers/fsl_lpi2c.c:636:6:LPI2C_MasterSetBaudRate	64	static
../drivers/fsl_lpi2c.c:775:10:LPI2C_MasterStart	24	static
../drivers/fsl_lpi2c.c:816:10:LPI2C_MasterStop	24	static
../drivers/fsl_lpi2c.c:877:10:LPI2C_MasterReceive	40	static
../drivers/fsl_lpi2c.c:979:10:LPI2C_MasterSend	32	static
../drivers/fsl_lpi2c.c:1018:10:LPI2C_MasterTransferBlocking	48	static
../drivers/fsl_lpi2c.c:1156:6:LPI2C_MasterTransferCreateHandle	32	static
../drivers/fsl_lpi2c.c:1190:13:LPI2C_TransferStateMachineSendCommand	32	static
../drivers/fsl_lpi2c.c:1261:13:LPI2C_TransferStateMachineReadCommand	24	static
../drivers/fsl_lpi2c.c:1285:13:LPI2C_TransferStateMachineTransferData	24	static
../drivers/fsl_lpi2c.c:1328:13:LPI2C_TransferStateMachineStopState	24	static
../drivers/fsl_lpi2c.c:1359:13:LPI2C_TransferStateMachineWaitState	24	static
../drivers/fsl_lpi2c.c:1397:17:LPI2C_RunTransferStateMachine	48	static
../drivers/fsl_lpi2c.c:1480:13:LPI2C_InitTransferStateMachine	40	static
../drivers/fsl_lpi2c.c:1553:10:LPI2C_MasterTransferNonBlocking	40	static
../drivers/fsl_lpi2c.c:1619:10:LPI2C_MasterTransferGetCount	40	static
../drivers/fsl_lpi2c.c:1685:6:LPI2C_MasterTransferAbort	16	static
../drivers/fsl_lpi2c.c:1715:6:LPI2C_MasterTransferHandleIRQ	40	static
../drivers/fsl_lpi2c.c:1785:6:LPI2C_SlaveGetDefaultConfig	16	static
../drivers/fsl_lpi2c.c:1824:6:LPI2C_SlaveInit	48	static
../drivers/fsl_lpi2c.c:1900:6:LPI2C_SlaveDeinit	24	static
../drivers/fsl_lpi2c.c:1927:17:LPI2C_SlaveCheckAndClearError	24	static
../drivers/fsl_lpi2c.c:1971:10:LPI2C_SlaveSend	40	static
../drivers/fsl_lpi2c.c:2062:10:LPI2C_SlaveReceive	40	static
../drivers/fsl_lpi2c.c:2160:6:LPI2C_SlaveTransferCreateHandle	32	static
../drivers/fsl_lpi2c.c:2217:10:LPI2C_SlaveTransferNonBlocking	32	static
../drivers/fsl_lpi2c.c:2281:10:LPI2C_SlaveTransferGetCount	32	static
../drivers/fsl_lpi2c.c:2314:6:LPI2C_SlaveTransferAbort	16	static
../drivers/fsl_lpi2c.c:2342:6:LPI2C_SlaveTransferHandleIRQ	24	static
../drivers/fsl_lpi2c.c:2500:13:LPI2C_CommonIRQHandler	16	static
../drivers/fsl_lpi2c.c:2522:6:LPI2C0_DriverIRQHandler	8	static
